Archive member included to satisfy reference by file (symbol)

c:/st/stm32cubeide_1.6.1/stm32cubeide/plugins/com.st.stm32cube.ide.mcu.externaltools.gnu-tools-for-stm32.9-2020-q2-update.win32_1.5.0.202011040924/tools/bin/../lib/gcc/arm-none-eabi/9.3.1/../../../../arm-none-eabi/lib/thumb/v7-m/nofp\libc_nano.a(lib_a-errno.o)
                              Core/Src/syscalls.o (__errno)
c:/st/stm32cubeide_1.6.1/stm32cubeide/plugins/com.st.stm32cube.ide.mcu.externaltools.gnu-tools-for-stm32.9-2020-q2-update.win32_1.5.0.202011040924/tools/bin/../lib/gcc/arm-none-eabi/9.3.1/../../../../arm-none-eabi/lib/thumb/v7-m/nofp\libc_nano.a(lib_a-exit.o)
                              c:/st/stm32cubeide_1.6.1/stm32cubeide/plugins/com.st.stm32cube.ide.mcu.externaltools.gnu-tools-for-stm32.9-2020-q2-update.win32_1.5.0.202011040924/tools/bin/../lib/gcc/arm-none-eabi/9.3.1/../../../../arm-none-eabi/lib/thumb/v7-m/nofp/crt0.o (exit)
c:/st/stm32cubeide_1.6.1/stm32cubeide/plugins/com.st.stm32cube.ide.mcu.externaltools.gnu-tools-for-stm32.9-2020-q2-update.win32_1.5.0.202011040924/tools/bin/../lib/gcc/arm-none-eabi/9.3.1/../../../../arm-none-eabi/lib/thumb/v7-m/nofp\libc_nano.a(lib_a-impure.o)
                              c:/st/stm32cubeide_1.6.1/stm32cubeide/plugins/com.st.stm32cube.ide.mcu.externaltools.gnu-tools-for-stm32.9-2020-q2-update.win32_1.5.0.202011040924/tools/bin/../lib/gcc/arm-none-eabi/9.3.1/../../../../arm-none-eabi/lib/thumb/v7-m/nofp\libc_nano.a(lib_a-exit.o) (_global_impure_ptr)
c:/st/stm32cubeide_1.6.1/stm32cubeide/plugins/com.st.stm32cube.ide.mcu.externaltools.gnu-tools-for-stm32.9-2020-q2-update.win32_1.5.0.202011040924/tools/bin/../lib/gcc/arm-none-eabi/9.3.1/../../../../arm-none-eabi/lib/thumb/v7-m/nofp\libc_nano.a(lib_a-init.o)
                              c:/st/stm32cubeide_1.6.1/stm32cubeide/plugins/com.st.stm32cube.ide.mcu.externaltools.gnu-tools-for-stm32.9-2020-q2-update.win32_1.5.0.202011040924/tools/bin/../lib/gcc/arm-none-eabi/9.3.1/../../../../arm-none-eabi/lib/thumb/v7-m/nofp/crt0.o (__libc_init_array)
c:/st/stm32cubeide_1.6.1/stm32cubeide/plugins/com.st.stm32cube.ide.mcu.externaltools.gnu-tools-for-stm32.9-2020-q2-update.win32_1.5.0.202011040924/tools/bin/../lib/gcc/arm-none-eabi/9.3.1/../../../../arm-none-eabi/lib/thumb/v7-m/nofp\libc_nano.a(lib_a-memcmp.o)
                              Core/Src/Debug/Debug.o (memcmp)
c:/st/stm32cubeide_1.6.1/stm32cubeide/plugins/com.st.stm32cube.ide.mcu.externaltools.gnu-tools-for-stm32.9-2020-q2-update.win32_1.5.0.202011040924/tools/bin/../lib/gcc/arm-none-eabi/9.3.1/../../../../arm-none-eabi/lib/thumb/v7-m/nofp\libc_nano.a(lib_a-memset.o)
                              c:/st/stm32cubeide_1.6.1/stm32cubeide/plugins/com.st.stm32cube.ide.mcu.externaltools.gnu-tools-for-stm32.9-2020-q2-update.win32_1.5.0.202011040924/tools/bin/../lib/gcc/arm-none-eabi/9.3.1/../../../../arm-none-eabi/lib/thumb/v7-m/nofp/crt0.o (memset)
c:/st/stm32cubeide_1.6.1/stm32cubeide/plugins/com.st.stm32cube.ide.mcu.externaltools.gnu-tools-for-stm32.9-2020-q2-update.win32_1.5.0.202011040924/tools/bin/../lib/gcc/arm-none-eabi/9.3.1/../../../../arm-none-eabi/lib/thumb/v7-m/nofp\libc_nano.a(lib_a-printf.o)
                              Core/Src/APP/APP.o (printf)
c:/st/stm32cubeide_1.6.1/stm32cubeide/plugins/com.st.stm32cube.ide.mcu.externaltools.gnu-tools-for-stm32.9-2020-q2-update.win32_1.5.0.202011040924/tools/bin/../lib/gcc/arm-none-eabi/9.3.1/../../../../arm-none-eabi/lib/thumb/v7-m/nofp\libc_nano.a(lib_a-puts.o)
                              Core/Src/APP/APP.o (puts)
c:/st/stm32cubeide_1.6.1/stm32cubeide/plugins/com.st.stm32cube.ide.mcu.externaltools.gnu-tools-for-stm32.9-2020-q2-update.win32_1.5.0.202011040924/tools/bin/../lib/gcc/arm-none-eabi/9.3.1/../../../../arm-none-eabi/lib/thumb/v7-m/nofp\libc_nano.a(lib_a-wbuf.o)
                              c:/st/stm32cubeide_1.6.1/stm32cubeide/plugins/com.st.stm32cube.ide.mcu.externaltools.gnu-tools-for-stm32.9-2020-q2-update.win32_1.5.0.202011040924/tools/bin/../lib/gcc/arm-none-eabi/9.3.1/../../../../arm-none-eabi/lib/thumb/v7-m/nofp\libc_nano.a(lib_a-puts.o) (__swbuf_r)
c:/st/stm32cubeide_1.6.1/stm32cubeide/plugins/com.st.stm32cube.ide.mcu.externaltools.gnu-tools-for-stm32.9-2020-q2-update.win32_1.5.0.202011040924/tools/bin/../lib/gcc/arm-none-eabi/9.3.1/../../../../arm-none-eabi/lib/thumb/v7-m/nofp\libc_nano.a(lib_a-wsetup.o)
                              c:/st/stm32cubeide_1.6.1/stm32cubeide/plugins/com.st.stm32cube.ide.mcu.externaltools.gnu-tools-for-stm32.9-2020-q2-update.win32_1.5.0.202011040924/tools/bin/../lib/gcc/arm-none-eabi/9.3.1/../../../../arm-none-eabi/lib/thumb/v7-m/nofp\libc_nano.a(lib_a-puts.o) (__swsetup_r)
c:/st/stm32cubeide_1.6.1/stm32cubeide/plugins/com.st.stm32cube.ide.mcu.externaltools.gnu-tools-for-stm32.9-2020-q2-update.win32_1.5.0.202011040924/tools/bin/../lib/gcc/arm-none-eabi/9.3.1/../../../../arm-none-eabi/lib/thumb/v7-m/nofp\libc_nano.a(lib_a-fflush.o)
[...]
Memory Configuration

Name             Origin             Length             Attributes
RAM              0x0000000020000000 0x0000000000005000 xrw
FLASH            0x0000000008000000 0x0000000000010000 xr
*default*        0x0000000000000000 0xffffffffffffffff

Linker script and memory map

LOAD c:/st/stm32cubeide_1.6.1/stm32cubeide/plugins/com.st.stm32cube.ide.mcu.externaltools.gnu-tools-for-stm32.9-2020-q2-update.win32_1.5.0.202011040924/tools/bin/../lib/gcc/arm-none-eabi/9.3.1/thumb/v7-m/nofp/crti.o
LOAD c:/st/stm32cubeide_1.6.1/stm32cubeide/plugins/com.st.stm32cube.ide.mcu.externaltools.gnu-tools-for-stm32.9-2020-q2-update.win32_1.5.0.202011040924/tools/bin/../lib/gcc/arm-none-eabi/9.3.1/thumb/v7-m/nofp/crtbegin.o
LOAD c:/st/stm32cubeide_1.6.1/stm32cubeide/plugins/com.st.stm32cube.ide.mcu.externaltools.gnu-tools-for-stm32.9-2020-q2-update.win32_1.5.0.202011040924/tools/bin/../lib/gcc/arm-none-eabi/9.3.1/../../../../arm-none-eabi/lib/thumb/v7-m/nofp/crt0.o
LOAD Core/Src/APP/APP.o
LOAD Core/Src/Clock/Clock.o
LOAD Core/Src/Debug/Debug.o
LOAD Core/Src/Debug/PIDAdjust.o
LOAD Core/Src/Filter/Fliter.o
LOAD Core/Src/JustFloat/JustFloat.o
LOAD Core/Src/PID/PID.o
LOAD Core/Src/SerialPrintf/SerialPrintf.o
LOAD Core/Src/TB6612/TB6612.o
LOAD Core/Src/encoder/encoder.o
LOAD Core/Src/main.o
LOAD Core/Src/stm32f1xx_hal_msp.o
LOAD Core/Src/stm32f1xx_it.o
LOAD Core/Src/syscalls.o
LOAD Core/Src/sysmem.o
LOAD Core/Src/system_stm32f1xx.o
LOAD Core/Src/mpu6050/eMPL/inv_mpu.o
LOAD Core/Src/mpu6050/eMPL/inv_mpu_dmp_motion_driver.o
LOAD Core/Startup/startup_stm32f103c8tx.o
LOAD Drivers/STM32F1xx_HAL_Driver/Src/stm32f1xx_hal.o
LOAD Drivers/STM32F1xx_HAL_Driver/Src/stm32f1xx_hal_cortex.o
LOAD Drivers/STM32F1xx_HAL_Driver/Src/stm32f1xx_hal_dma.o
LOAD Drivers/STM32F1xx_HAL_Driver/Src/stm32f1xx_hal_exti.o
LOAD Drivers/STM32F1xx_HAL_Driver/Src/stm32f1xx_hal_flash.o
LOAD Drivers/STM32F1xx_HAL_Driver/Src/stm32f1xx_hal_flash_ex.o
LOAD Drivers/STM32F1xx_HAL_Driver/Src/stm32f1xx_hal_gpio.o
LOAD Drivers/STM32F1xx_HAL_Driver/Src/stm32f1xx_hal_gpio_ex.o
LOAD Drivers/STM32F1xx_HAL_Driver/Src/stm32f1xx_hal_i2c.o
LOAD Drivers/STM32F1xx_HAL_Driver/Src/stm32f1xx_hal_pwr.o
LOAD Drivers/STM32F1xx_HAL_Driver/Src/stm32f1xx_hal_rcc.o
LOAD Drivers/STM32F1xx_HAL_Driver/Src/stm32f1xx_hal_rcc_ex.o
LOAD Drivers/STM32F1xx_HAL_Driver/Src/stm32f1xx_hal_tim.o
LOAD Drivers/STM32F1xx_HAL_Driver/Src/stm32f1xx_hal_tim_ex.o
LOAD Drivers/STM32F1xx_HAL_Driver/Src/stm32f1xx_ll_dma.o
LOAD Drivers/STM32F1xx_HAL_Driver/Src/stm32f1xx_ll_exti.o
LOAD Drivers/STM32F1xx_HAL_Driver/Src/stm32f1xx_ll_gpio.o
LOAD Drivers/STM32F1xx_HAL_Driver/Src/stm32f1xx_ll_rcc.o
LOAD Drivers/STM32F1xx_HAL_Driver/Src/stm32f1xx_ll_tim.o
LOAD Drivers/STM32F1xx_HAL_Driver/Src/stm32f1xx_ll_usart.o
LOAD Drivers/STM32F1xx_HAL_Driver/Src/stm32f1xx_ll_utils.o
START GROUP
LOAD c:/st/stm32cubeide_1.6.1/stm32cubeide/plugins/com.st.stm32cube.ide.mcu.externaltools.gnu-tools-for-stm32.9-2020-q2-update.win32_1.5.0.202011040924/tools/bin/../lib/gcc/arm-none-eabi/9.3.1/../../../../arm-none-eabi/lib/thumb/v7-m/nofp\libc_nano.a
LOAD c:/st/stm32cubeide_1.6.1/stm32cubeide/plugins/com.st.stm32cube.ide.mcu.externaltools.gnu-tools-for-stm32.9-2020-q2-update.win32_1.5.0.202011040924/tools/bin/../lib/gcc/arm-none-eabi/9.3.1/../../../../arm-none-eabi/lib/thumb/v7-m/nofp\libm.a
END GROUP
START GROUP
LOAD c:/st/stm32cubeide_1.6.1/stm32cubeide/plugins/com.st.stm32cube.ide.mcu.externaltools.gnu-tools-for-stm32.9-2020-q2-update.win32_1.5.0.202011040924/tools/bin/../lib/gcc/arm-none-eabi/9.3.1/thumb/v7-m/nofp\libgcc.a
LOAD c:/st/stm32cubeide_1.6.1/stm32cubeide/plugins/com.st.stm32cube.ide.mcu.externaltools.gnu-tools-for-stm32.9-2020-q2-update.win32_1.5.0.202011040924/tools/bin/../lib/gcc/arm-none-eabi/9.3.1/../../../../arm-none-eabi/lib/thumb/v7-m/nofp\libc_nano.a
END GROUP
START GROUP
LOAD c:/st/stm32cubeide_1.6.1/stm32cubeide/plugins/com.st.stm32cube.ide.mcu.externaltools.gnu-tools-for-stm32.9-2020-q2-update.win32_1.5.0.202011040924/tools/bin/../lib/gcc/arm-none-eabi/9.3.1/thumb/v7-m/nofp\libgcc.a
LOAD c:/st/stm32cubeide_1.6.1/stm32cubeide/plugins/com.st.stm32cube.ide.mcu.externaltools.gnu-tools-for-stm32.9-2020-q2-update.win32_1.5.0.202011040924/tools/bin/../lib/gcc/arm-none-eabi/9.3.1/../../../../arm-none-eabi/lib/thumb/v7-m/nofp\libc_nano.a
LOAD c:/st/stm32cubeide_1.6.1/stm32cubeide/plugins/com.st.stm32cube.ide.mcu.externaltools.gnu-tools-for-stm32.9-2020-q2-update.win32_1.5.0.202011040924/tools/bin/../lib/gcc/arm-none-eabi/9.3.1/../../../../arm-none-eabi/lib/thumb/v7-m/nofp\libnosys.a
END GROUP
START GROUP
LOAD c:/st/stm32cubeide_1.6.1/stm32cubeide/plugins/com.st.stm32cube.ide.mcu.externaltools.gnu-tools-for-stm32.9-2020-q2-update.win32_1.5.0.202011040924/tools/bin/../lib/gcc/arm-none-eabi/9.3.1/thumb/v7-m/nofp\libgcc.a
LOAD c:/st/stm32cubeide_1.6.1/stm32cubeide/plugins/com.st.stm32cube.ide.mcu.externaltools.gnu-tools-for-stm32.9-2020-q2-update.win32_1.5.0.202011040924/tools/bin/../lib/gcc/arm-none-eabi/9.3.1/../../../../arm-none-eabi/lib/thumb/v7-m/nofp\libc_nano.a
LOAD c:/st/stm32cubeide_1.6.1/stm32cubeide/plugins/com.st.stm32cube.ide.mcu.externaltools.gnu-tools-for-stm32.9-2020-q2-update.win32_1.5.0.202011040924/tools/bin/../lib/gcc/arm-none-eabi/9.3.1/../../../../arm-none-eabi/lib/thumb/v7-m/nofp\libnosys.a
END GROUP
LOAD c:/st/stm32cubeide_1.6.1/stm32cubeide/plugins/com.st.stm32cube.ide.mcu.externaltools.gnu-tools-for-stm32.9-2020-q2-update.win32_1.5.0.202011040924/tools/bin/../lib/gcc/arm-none-eabi/9.3.1/thumb/v7-m/nofp/crtend.o
LOAD c:/st/stm32cubeide_1.6.1/stm32cubeide/plugins/com.st.stm32cube.ide.mcu.externaltools.gnu-tools-for-stm32.9-2020-q2-update.win32_1.5.0.202011040924/tools/bin/../lib/gcc/arm-none-eabi/9.3.1/thumb/v7-m/nofp/crtn.o
                0x0000000020005000                _estack = (ORIGIN (RAM) + LENGTH (RAM))
                0x0000000000000200                _Min_Heap_Size = 0x200
                0x0000000000000400                _Min_Stack_Size = 0x400

.isr_vector     0x0000000008000000      0x10c
                0x0000000008000000                . = ALIGN (0x4)
 *(.isr_vector)
 .isr_vector    0x0000000008000000      0x10c Core/Startup/startup_stm32f103c8tx.o
                0x0000000008000000                g_pfnVectors
                0x000000000800010c                . = ALIGN (0x4)

.text           0x0000000008000110     0xac40
                0x0000000008000110                . = ALIGN (0x4)
 *(.text)
 .text          0x0000000008000110       0x40 c:/st/stm32cubeide_1.6.1/stm32cubeide/plugins/com.st.stm32cube.ide.mcu.externaltools.gnu-tools-for-stm32.9-2020-q2-update.win32_1.5.0.202011040924/tools/bin/../lib/gcc/arm-none-eabi/9.3.1/thumb/v7-m/nofp/crtbegin.o
 .text          0x0000000008000150      0x378 c:/st/stm32cubeide_1.6.1/stm32cubeide/plugins/com.st.stm32cube.ide.mcu.externaltools.gnu-tools-for-stm32.9-2020-q2-update.win32_1.5.0.202011040924/tools/bin/../lib/gcc/arm-none-eabi/9.3.1/thumb/v7-m/nofp\libgcc.a(_arm_addsubdf3.o)
                0x0000000008000150                __aeabi_drsub
                0x0000000008000158                __aeabi_dsub
                0x0000000008000158                __subdf3
                0x000000000800015c                __aeabi_dadd
                0x000000000800015c                __adddf3
                0x00000000080003d4                __floatunsidf
                0x00000000080003d4                __aeabi_ui2d
                0x00000000080003f4                __floatsidf
                0x00000000080003f4                __aeabi_i2d
                0x0000000008000418                __aeabi_f2d
                0x0000000008000418                __extendsfdf2
                0x000000000800045c                __floatundidf
                0x000000000800045c                __aeabi_ul2d
                0x000000000800046c                __floatdidf
                0x000000000800046c                __aeabi_l2d
 .text          0x00000000080004c8      0x424 c:/st/stm32cubeide_1.6.1/stm32cubeide/plugins/com.st.stm32cube.ide.mcu.externaltools.gnu-tools-for-stm32.9-2020-q2-update.win32_1.5.0.202011040924/tools/bin/../lib/gcc/arm-none-eabi/9.3.1/thumb/v7-m/nofp\libgcc.a(_arm_muldivdf3.o)
                0x00000000080004c8                __aeabi_dmul
                0x00000000080004c8                __muldf3
                0x000000000800071c                __divdf3
                0x000000000800071c                __aeabi_ddiv
 .text          0x00000000080008ec      0x110 c:/st/stm32cubeide_1.6.1/stm32cubeide/plugins/com.st.stm32cube.ide.mcu.externaltools.gnu-tools-for-stm32.9-2020-q2-update.win32_1.5.0.202011040924/tools/bin/../lib/gcc/arm-none-eabi/9.3.1/thumb/v7-m/nofp\libgcc.a(_arm_cmpdf2.o)
                0x00000000080008ec                __gtdf2
                0x00000000080008ec                __gedf2
                0x00000000080008f4                __ltdf2
                0x00000000080008f4                __ledf2
                0x00000000080008fc                __nedf2
                0x00000000080008fc                __eqdf2
                0x00000000080008fc                __cmpdf2
                0x0000000008000978                __aeabi_cdrcmple
                0x0000000008000988                __aeabi_cdcmpeq
                0x0000000008000988                __aeabi_cdcmple
                0x0000000008000998                __aeabi_dcmpeq
                0x00000000080009ac                __aeabi_dcmplt
                0x00000000080009c0                __aeabi_dcmple
                0x00000000080009d4                __aeabi_dcmpge
                0x00000000080009e8                __aeabi_dcmpgt
 .text          0x00000000080009fc       0x2c c:/st/stm32cubeide_1.6.1/stm32cubeide/plugins/com.st.stm32cube.ide.mcu.externaltools.gnu-tools-for-stm32.9-2020-q2-update.win32_1.5.0.202011040924/tools/bin/../lib/gcc/arm-none-eabi/9.3.1/thumb/v7-m/nofp\libgcc.a(_arm_unorddf2.o)
                0x00000000080009fc                __unorddf2
                0x00000000080009fc                __aeabi_dcmpun
 .text          0x0000000008000a28       0xa0 c:/st/stm32cubeide_1.6.1/stm32cubeide/plugins/com.st.stm32cube.ide.mcu.externaltools.gnu-tools-for-stm32.9-2020-q2-update.win32_1.5.0.202011040924/tools/bin/../lib/gcc/arm-none-eabi/9.3.1/thumb/v7-m/nofp\libgcc.a(_arm_truncdfsf2.o)
                0x0000000008000a28                __truncdfsf2
                0x0000000008000a28                __aeabi_d2f
 .text          0x0000000008000ac8      0x21c c:/st/stm32cubeide_1.6.1/stm32cubeide/plugins/com.st.stm32cube.ide.mcu.externaltools.gnu-tools-for-stm32.9-2020-q2-update.win32_1.5.0.202011040924/tools/bin/../lib/gcc/arm-none-eabi/9.3.1/thumb/v7-m/nofp\libgcc.a(_arm_addsubsf3.o)
                0x0000000008000ac8                __aeabi_frsub
                0x0000000008000ad0                __subsf3
                0x0000000008000ad0                __aeabi_fsub
                0x0000000008000ad4                __aeabi_fadd
                0x0000000008000ad4                __addsf3
                0x0000000008000c34                __aeabi_ui2f
                0x0000000008000c34                __floatunsisf
                0x0000000008000c3c                __aeabi_i2f
                0x0000000008000c3c                __floatsisf
                0x0000000008000c58                __aeabi_ul2f
                0x0000000008000c58                __floatundisf
                0x0000000008000c68                __aeabi_l2f
                0x0000000008000c68                __floatdisf
 .text          0x0000000008000ce4      0x2a0 c:/st/stm32cubeide_1.6.1/stm32cubeide/plugins/com.st.stm32cube.ide.mcu.externaltools.gnu-tools-for-stm32.9-2020-q2-update.win32_1.5.0.202011040924/tools/bin/../lib/gcc/arm-none-eabi/9.3.1/thumb/v7-m/nofp\libgcc.a(_arm_muldivsf3.o)
                0x0000000008000ce4                __mulsf3
                0x0000000008000ce4                __aeabi_fmul
                0x0000000008000e4c                __aeabi_fdiv
                0x0000000008000e4c                __divsf3
 .text          0x0000000008000f84       0xec c:/st/stm32cubeide_1.6.1/stm32cubeide/plugins/com.st.stm32cube.ide.mcu.externaltools.gnu-tools-for-stm32.9-2020-q2-update.win32_1.5.0.202011040924/tools/bin/../lib/gcc/arm-none-eabi/9.3.1/thumb/v7-m/nofp\libgcc.a(_arm_cmpsf2.o)
                0x0000000008000f84                __gesf2
                0x0000000008000f84                __gtsf2
                0x0000000008000f8c                __lesf2
                0x0000000008000f8c                __ltsf2
                0x0000000008000f94                __nesf2
                0x0000000008000f94                __eqsf2
                0x0000000008000f94                __cmpsf2
                0x0000000008000ff4                __aeabi_cfrcmple
                0x0000000008000ffc                __aeabi_cfcmpeq
                0x0000000008000ffc                __aeabi_cfcmple
                0x000000000800100c                __aeabi_fcmpeq
                0x0000000008001020                __aeabi_fcmplt
                0x0000000008001034                __aeabi_fcmple
                0x0000000008001048                __aeabi_fcmpge
                0x000000000800105c                __aeabi_fcmpgt
 .text          0x0000000008001070       0x4c c:/st/stm32cubeide_1.6.1/stm32cubeide/plugins/com.st.stm32cube.ide.mcu.externaltools.gnu-tools-for-stm32.9-2020-q2-update.win32_1.5.0.202011040924/tools/bin/../lib/gcc/arm-none-eabi/9.3.1/thumb/v7-m/nofp\libgcc.a(_arm_fixsfsi.o)
                0x0000000008001070                __aeabi_f2iz
                0x0000000008001070                __fixsfsi
 .text          0x00000000080010bc       0x40 c:/st/stm32cubeide_1.6.1/stm32cubeide/plugins/com.st.stm32cube.ide.mcu.externaltools.gnu-tools-for-stm32.9-2020-q2-update.win32_1.5.0.202011040924/tools/bin/../lib/gcc/arm-none-eabi/9.3.1/thumb/v7-m/nofp\libgcc.a(_arm_fixunssfsi.o)
                0x00000000080010bc                __fixunssfsi
                0x00000000080010bc                __aeabi_f2uiz
 .text          0x00000000080010fc       0xa0 c:/st/stm32cubeide_1.6.1/stm32cubeide/plugins/com.st.stm32cube.ide.mcu.externaltools.gnu-tools-for-stm32.9-2020-q2-update.win32_1.5.0.202011040924/tools/bin/../lib/gcc/arm-none-eabi/9.3.1/thumb/v7-m/nofp\libgcc.a(_aeabi_ldivmod.o)
                0x00000000080010fc                __aeabi_ldivmod
 .text          0x000000000800119c      0x2c4 c:/st/stm32cubeide_1.6.1/stm32cubeide/plugins/com.st.stm32cube.ide.mcu.externaltools.gnu-tools-for-stm32.9-2020-q2-update.win32_1.5.0.202011040924/tools/bin/../lib/gcc/arm-none-eabi/9.3.1/thumb/v7-m/nofp\libgcc.a(_udivmoddi4.o)
                0x000000000800119c                __udivmoddi4
 .text          0x0000000008001460        0x4 c:/st/stm32cubeide_1.6.1/stm32cubeide/plugins/com.st.stm32cube.ide.mcu.externaltools.gnu-tools-for-stm32.9-2020-q2-update.win32_1.5.0.202011040924/tools/bin/../lib/gcc/arm-none-eabi/9.3.1/thumb/v7-m/nofp\libgcc.a(_dvmd_tls.o)
                0x0000000008001460                __aeabi_idiv0
                0x0000000008001460                __aeabi_ldiv0
 *(.text*)
 .text.APP_Init
                0x0000000008001464       0xf0 Core/Src/APP/APP.o
                0x0000000008001464                APP_Init
 .text.SysTickInterruptHandler
                0x0000000008001554       0x1c Core/Src/Clock/Clock.o
                0x0000000008001554                SysTickInterruptHandler
 .text.ClockInit
                0x0000000008001570       0x38 Core/Src/Clock/Clock.o
                0x0000000008001570                ClockInit
 .text.SleepMillisecond
                0x00000000080015a8       0x44 Core/Src/Clock/Clock.o
                0x00000000080015a8                SleepMillisecond
 .text.GetCurrentTimeMillisecond
                0x00000000080015ec       0x14 Core/Src/Clock/Clock.o
                0x00000000080015ec                GetCurrentTimeMillisecond
 .text.DebugHandler
                0x0000000008001600       0xa0 Core/Src/Debug/Debug.o
                0x0000000008001600                DebugHandler
 .text.PIDAdjust
                0x00000000080016a0      0x1b4 Core/Src/Debug/PIDAdjust.o
                0x00000000080016a0                PIDAdjust
 .text.LowPassFilterCalc
                0x0000000008001854       0x56 Core/Src/Filter/Fliter.o
                0x0000000008001854                LowPassFilterCalc
 .text.LL_USART_IsActiveFlag_TC
                0x00000000080018aa       0x24 Core/Src/JustFloat/JustFloat.o
 .text.LL_USART_TransmitData8
                0x00000000080018ce       0x1c Core/Src/JustFloat/JustFloat.o
 *fill*         0x00000000080018ea        0x2 
 .text.SetJustFloatPort
                0x00000000080018ec       0x1c Core/Src/JustFloat/JustFloat.o
                0x00000000080018ec                SetJustFloatPort
 .text.SendJustFloatFrame
                0x0000000008001908       0xd4 Core/Src/JustFloat/JustFloat.o
                0x0000000008001908                SendJustFloatFrame
 .text.PID_Init
                0x00000000080019dc       0x74 Core/Src/PID/PID.o
                0x00000000080019dc                PID_Init
 .text.speed_PID
                0x0000000008001a50      0x158 Core/Src/PID/PID.o
                0x0000000008001a50                speed_PID
 .text.straight_PID
                0x0000000008001ba8      0x13a Core/Src/PID/PID.o
                0x0000000008001ba8                straight_PID
 *fill*         0x0000000008001ce2        0x2 
 .text.updatePID_Flag
                0x0000000008001ce4       0x18 Core/Src/PID/PID.o
                0x0000000008001ce4                updatePID_Flag
 .text.waitPID_Flag
                0x0000000008001cfc       0x20 Core/Src/PID/PID.o
                0x0000000008001cfc                waitPID_Flag
 *fill*         0x0000000008001d1c        0x4 
 .text.PID_Handel
                0x0000000008001d20       0xf0 Core/Src/PID/PID.o
                0x0000000008001d20                PID_Handel
 .text.LL_USART_IsActiveFlag_TC
                0x0000000008001e10       0x24 Core/Src/SerialPrintf/SerialPrintf.o
 .text.LL_USART_TransmitData8
                0x0000000008001e34       0x1c Core/Src/SerialPrintf/SerialPrintf.o
 .text.__io_putchar
                0x0000000008001e50       0x38 Core/Src/SerialPrintf/SerialPrintf.o
                0x0000000008001e50                __io_putchar
 .text.SetSerialPrintfTarget
                0x0000000008001e88       0x1c Core/Src/SerialPrintf/SerialPrintf.o
                0x0000000008001e88                SetSerialPrintfTarget
 .text.LL_TIM_EnableCounter
                0x0000000008001ea4       0x1e Core/Src/TB6612/TB6612.o
 .text.LL_TIM_CC_EnableChannel
                0x0000000008001ec2       0x20 Core/Src/TB6612/TB6612.o
 .text.LL_TIM_OC_SetCompareCH1
                0x0000000008001ee2       0x1a Core/Src/TB6612/TB6612.o
 .text.LL_TIM_OC_SetCompareCH2
                0x0000000008001efc       0x1a Core/Src/TB6612/TB6612.o
 .text.LL_GPIO_SetOutputPin
                0x0000000008001f16       0x1e Core/Src/TB6612/TB6612.o
 .text.LL_GPIO_ResetOutputPin
                0x0000000008001f34       0x1e Core/Src/TB6612/TB6612.o
 *fill*         0x0000000008001f52        0x2 
 .text.TB6612_IO_Iint
                0x0000000008001f54       0x74 Core/Src/TB6612/TB6612.o
                0x0000000008001f54                TB6612_IO_Iint
 .text.TB6612_init
                0x0000000008001fc8       0x7a Core/Src/TB6612/TB6612.o
                0x0000000008001fc8                TB6612_init
 .text.Set_Left_PWMValue
                0x0000000008002042       0xf4 Core/Src/TB6612/TB6612.o
                0x0000000008002042                Set_Left_PWMValue
 .text.Set_Right_PWMValue
                0x0000000008002136       0xf4 Core/Src/TB6612/TB6612.o
                0x0000000008002136                Set_Right_PWMValue
 *fill*         0x000000000800222a        0x2 
 .text.encoder_init
                0x000000000800222c       0x54 Core/Src/encoder/encoder.o
                0x000000000800222c                encoder_init
 .text.getspeed_channel2
                0x0000000008002280       0xc4 Core/Src/encoder/encoder.o
                0x0000000008002280                getspeed_channel2
 .text.__NVIC_GetPriorityGrouping
                0x0000000008002344       0x1c Core/Src/main.o
 .text.__NVIC_EnableIRQ
                0x0000000008002360       0x38 Core/Src/main.o
 .text.__NVIC_SetPriority
                0x0000000008002398       0x54 Core/Src/main.o
 .text.NVIC_EncodePriority
                0x00000000080023ec       0x64 Core/Src/main.o
 .text.LL_RCC_HSE_Enable
                0x0000000008002450       0x1c Core/Src/main.o
 .text.LL_RCC_HSE_IsReady
                0x000000000800246c       0x24 Core/Src/main.o
 .text.LL_RCC_SetSysClkSource
                0x0000000008002490       0x28 Core/Src/main.o
 .text.LL_RCC_GetSysClkSource
                0x00000000080024b8       0x18 Core/Src/main.o
 .text.LL_RCC_SetAHBPrescaler
                0x00000000080024d0       0x28 Core/Src/main.o
 .text.LL_RCC_SetAPB1Prescaler
                0x00000000080024f8       0x28 Core/Src/main.o
 .text.LL_RCC_SetAPB2Prescaler
                0x0000000008002520       0x28 Core/Src/main.o
 .text.LL_RCC_PLL_Enable
                0x0000000008002548       0x1c Core/Src/main.o
 .text.LL_RCC_PLL_IsReady
                0x0000000008002564       0x24 Core/Src/main.o
 .text.LL_RCC_PLL_ConfigDomain_SYS
                0x0000000008002588       0x30 Core/Src/main.o
 .text.LL_APB1_GRP1_EnableClock
                0x00000000080025b8       0x30 Core/Src/main.o
 .text.LL_APB2_GRP1_EnableClock
                0x00000000080025e8       0x30 Core/Src/main.o
 .text.LL_FLASH_SetLatency
                0x0000000008002618       0x28 Core/Src/main.o
 .text.LL_FLASH_GetLatency
                0x0000000008002640       0x18 Core/Src/main.o
 .text.LL_TIM_DisableARRPreload
                0x0000000008002658       0x1e Core/Src/main.o
 *fill*         0x0000000008002676        0x2 
 .text.LL_TIM_OC_DisableFast
                0x0000000008002678       0x88 Core/Src/main.o
 .text.LL_TIM_OC_EnablePreload
                0x0000000008002700       0x88 Core/Src/main.o
 .text.LL_TIM_SetTriggerOutput
                0x0000000008002788       0x24 Core/Src/main.o
 .text.LL_TIM_DisableMasterSlaveMode
                0x00000000080027ac       0x1e Core/Src/main.o
 .text.LL_USART_Enable
                0x00000000080027ca       0x1e Core/Src/main.o
 .text.LL_USART_ConfigAsyncMode
                0x00000000080027e8       0x2a Core/Src/main.o
 .text.LL_USART_EnableIT_RXNE
                0x0000000008002812       0x1e Core/Src/main.o
 .text.LL_GPIO_SetPinMode
                0x0000000008002830       0x64 Core/Src/main.o
 .text.LL_GPIO_ResetOutputPin
                0x0000000008002894       0x1e Core/Src/main.o
 *fill*         0x00000000080028b2        0x2 
 .text.LL_GPIO_AF_SetEXTISource
                0x00000000080028b4       0x5c Core/Src/main.o
 .text.main     0x0000000008002910       0x34 Core/Src/main.o
                0x0000000008002910                main
 .text.SystemClock_Config
                0x0000000008002944       0x88 Core/Src/main.o
                0x0000000008002944                SystemClock_Config
 .text.MX_I2C1_Init
                0x00000000080029cc       0x5c Core/Src/main.o
 .text.MX_TIM2_Init
                0x0000000008002a28       0xa8 Core/Src/main.o
 .text.MX_TIM3_Init
                0x0000000008002ad0       0xa8 Core/Src/main.o
 .text.MX_TIM4_Init
                0x0000000008002b78       0xec Core/Src/main.o
 .text.MX_USART1_UART_Init
                0x0000000008002c64       0xd0 Core/Src/main.o
 .text.MX_GPIO_Init
                0x0000000008002d34       0xbc Core/Src/main.o
 .text.Error_Handler
                0x0000000008002df0        0xa Core/Src/main.o
                0x0000000008002df0                Error_Handler
 *fill*         0x0000000008002dfa        0x2 
 .text.HAL_MspInit
                0x0000000008002dfc       0x64 Core/Src/stm32f1xx_hal_msp.o
                0x0000000008002dfc                HAL_MspInit
 .text.HAL_I2C_MspInit
                0x0000000008002e60       0xa0 Core/Src/stm32f1xx_hal_msp.o
                0x0000000008002e60                HAL_I2C_MspInit
 .text.HAL_TIM_Encoder_MspInit
                0x0000000008002f00       0xd0 Core/Src/stm32f1xx_hal_msp.o
                0x0000000008002f00                HAL_TIM_Encoder_MspInit
 .text.LL_EXTI_IsActiveFlag_0_31
                0x0000000008002fd0       0x2c Core/Src/stm32f1xx_it.o
 .text.LL_EXTI_ClearFlag_0_31
                0x0000000008002ffc       0x1c Core/Src/stm32f1xx_it.o
 .text.LL_USART_IsActiveFlag_RXNE
                0x0000000008003018       0x24 Core/Src/stm32f1xx_it.o
 .text.LL_USART_ClearFlag_RXNE
                0x000000000800303c       0x1a Core/Src/stm32f1xx_it.o
 .text.LL_USART_ReceiveData8
                0x0000000008003056       0x18 Core/Src/stm32f1xx_it.o
 .text.NMI_Handler
                0x000000000800306e        0x6 Core/Src/stm32f1xx_it.o
                0x000000000800306e                NMI_Handler
 .text.HardFault_Handler
                0x0000000008003074        0x6 Core/Src/stm32f1xx_it.o
                0x0000000008003074                HardFault_Handler
 .text.MemManage_Handler
                0x000000000800307a        0x6 Core/Src/stm32f1xx_it.o
                0x000000000800307a                MemManage_Handler
 .text.BusFault_Handler
                0x0000000008003080        0x6 Core/Src/stm32f1xx_it.o
                0x0000000008003080                BusFault_Handler
 .text.UsageFault_Handler
                0x0000000008003086        0x6 Core/Src/stm32f1xx_it.o
                0x0000000008003086                UsageFault_Handler
 .text.SVC_Handler
                0x000000000800308c        0xc Core/Src/stm32f1xx_it.o
                0x000000000800308c                SVC_Handler
 .text.DebugMon_Handler
                0x0000000008003098        0xc Core/Src/stm32f1xx_it.o
                0x0000000008003098                DebugMon_Handler
 .text.PendSV_Handler
                0x00000000080030a4        0xc Core/Src/stm32f1xx_it.o
                0x00000000080030a4                PendSV_Handler
 .text.SysTick_Handler
                0x00000000080030b0        0xc Core/Src/stm32f1xx_it.o
                0x00000000080030b0                SysTick_Handler
 .text.EXTI9_5_IRQHandler
                0x00000000080030bc       0x30 Core/Src/stm32f1xx_it.o
                0x00000000080030bc                EXTI9_5_IRQHandler
 .text.USART1_IRQHandler
                0x00000000080030ec       0x38 Core/Src/stm32f1xx_it.o
                0x00000000080030ec                USART1_IRQHandler
 .text._read    0x0000000008003124       0x3a Core/Src/syscalls.o
                0x0000000008003124                _read
 .text._write   0x000000000800315e       0x38 Core/Src/syscalls.o
                0x000000000800315e                _write
 .text._close   0x0000000008003196       0x16 Core/Src/syscalls.o
                0x0000000008003196                _close
 .text._fstat   0x00000000080031ac       0x1e Core/Src/syscalls.o
                0x00000000080031ac                _fstat
 .text._isatty  0x00000000080031ca       0x14 Core/Src/syscalls.o
                0x00000000080031ca                _isatty
 .text._lseek   0x00000000080031de       0x18 Core/Src/syscalls.o
                0x00000000080031de                _lseek
 *fill*         0x00000000080031f6        0x2 
 .text._sbrk    0x00000000080031f8       0x6c Core/Src/sysmem.o
                0x00000000080031f8                _sbrk
 .text.SystemInit
                0x0000000008003264        0xc Core/Src/system_stm32f1xx.o
                0x0000000008003264                SystemInit
 .text.set_int_enable
                0x0000000008003270       0xb4 Core/Src/mpu6050/eMPL/inv_mpu.o
                0x0000000008003270                set_int_enable
 .text.mpu_init
                0x0000000008003324      0x204 Core/Src/mpu6050/eMPL/inv_mpu.o
                0x0000000008003324                mpu_init
 .text.mpu_lp_accel_mode
                0x0000000008003528       0xf8 Core/Src/mpu6050/eMPL/inv_mpu.o
                0x0000000008003528                mpu_lp_accel_mode
 .text.mpu_reset_fifo
                0x0000000008003620      0x208 Core/Src/mpu6050/eMPL/inv_mpu.o
                0x0000000008003620                mpu_reset_fifo
 .text.mpu_get_gyro_fsr
                0x0000000008003828       0x68 Core/Src/mpu6050/eMPL/inv_mpu.o
                0x0000000008003828                mpu_get_gyro_fsr
 .text.mpu_set_gyro_fsr
                0x0000000008003890       0xa8 Core/Src/mpu6050/eMPL/inv_mpu.o
                0x0000000008003890                mpu_set_gyro_fsr
 .text.mpu_get_accel_fsr
                0x0000000008003938       0x74 Core/Src/mpu6050/eMPL/inv_mpu.o
                0x0000000008003938                mpu_get_accel_fsr
 .text.mpu_set_accel_fsr
                0x00000000080039ac       0xd0 Core/Src/mpu6050/eMPL/inv_mpu.o
                0x00000000080039ac                mpu_set_accel_fsr
 .text.mpu_get_lpf
                0x0000000008003a7c       0x78 Core/Src/mpu6050/eMPL/inv_mpu.o
                0x0000000008003a7c                mpu_get_lpf
 .text.mpu_set_lpf
                0x0000000008003af4       0x9c Core/Src/mpu6050/eMPL/inv_mpu.o
                0x0000000008003af4                mpu_set_lpf
 .text.mpu_get_sample_rate
                0x0000000008003b90       0x30 Core/Src/mpu6050/eMPL/inv_mpu.o
                0x0000000008003b90                mpu_get_sample_rate
 .text.mpu_set_sample_rate
                0x0000000008003bc0       0xcc Core/Src/mpu6050/eMPL/inv_mpu.o
                0x0000000008003bc0                mpu_set_sample_rate
 .text.mpu_get_gyro_sens
                0x0000000008003c8c       0x70 Core/Src/mpu6050/eMPL/inv_mpu.o
                0x0000000008003c8c                mpu_get_gyro_sens
 .text.mpu_get_accel_sens
                0x0000000008003cfc       0x7c Core/Src/mpu6050/eMPL/inv_mpu.o
                0x0000000008003cfc                mpu_get_accel_sens
 .text.mpu_get_fifo_config
                0x0000000008003d78       0x20 Core/Src/mpu6050/eMPL/inv_mpu.o
                0x0000000008003d78                mpu_get_fifo_config
 .text.mpu_configure_fifo
                0x0000000008003d98       0xa4 Core/Src/mpu6050/eMPL/inv_mpu.o
                0x0000000008003d98                mpu_configure_fifo
 .text.mpu_set_sensors
                0x0000000008003e3c      0x10c Core/Src/mpu6050/eMPL/inv_mpu.o
                0x0000000008003e3c                mpu_set_sensors
 .text.mpu_read_fifo_stream
                0x0000000008003f48       0xfc Core/Src/mpu6050/eMPL/inv_mpu.o
                0x0000000008003f48                mpu_read_fifo_stream
 .text.mpu_set_bypass
                0x0000000008004044      0x18c Core/Src/mpu6050/eMPL/inv_mpu.o
                0x0000000008004044                mpu_set_bypass
 .text.mpu_set_int_latched
                0x00000000080041d0       0x88 Core/Src/mpu6050/eMPL/inv_mpu.o
                0x00000000080041d0                mpu_set_int_latched
 .text.get_accel_prod_shift
                0x0000000008004258      0x11c Core/Src/mpu6050/eMPL/inv_mpu.o
 .text.accel_self_test
                0x0000000008004374      0x10c Core/Src/mpu6050/eMPL/inv_mpu.o
 .text.gyro_self_test
                0x0000000008004480      0x178 Core/Src/mpu6050/eMPL/inv_mpu.o
 .text.get_st_biases
                0x00000000080045f8      0x614 Core/Src/mpu6050/eMPL/inv_mpu.o
 .text.mpu_run_self_test
                0x0000000008004c0c      0x1a8 Core/Src/mpu6050/eMPL/inv_mpu.o
                0x0000000008004c0c                mpu_run_self_test
 .text.mpu_write_mem
                0x0000000008004db4       0xa4 Core/Src/mpu6050/eMPL/inv_mpu.o
                0x0000000008004db4                mpu_write_mem
 .text.mpu_read_mem
                0x0000000008004e58       0xa4 Core/Src/mpu6050/eMPL/inv_mpu.o
                0x0000000008004e58                mpu_read_mem
 .text.mpu_load_firmware
                0x0000000008004efc       0xfc Core/Src/mpu6050/eMPL/inv_mpu.o
                0x0000000008004efc                mpu_load_firmware
 .text.mpu_set_dmp_state
                0x0000000008004ff8       0xa8 Core/Src/mpu6050/eMPL/inv_mpu.o
                0x0000000008004ff8                mpu_set_dmp_state
 .text.inv_row_2_scale
                0x00000000080050a0       0x80 Core/Src/mpu6050/eMPL/inv_mpu.o
                0x00000000080050a0                inv_row_2_scale
 .text.inv_orientation_matrix_to_scalar
                0x0000000008005120       0x50 Core/Src/mpu6050/eMPL/inv_mpu.o
                0x0000000008005120                inv_orientation_matrix_to_scalar
 .text.mpuWriteLen
                0x0000000008005170       0x74 Core/Src/mpu6050/eMPL/inv_mpu.o
 .text.mpuReadLen
                0x00000000080051e4       0x7c Core/Src/mpu6050/eMPL/inv_mpu.o
 .text.run_self_test
                0x0000000008005260       0xd4 Core/Src/mpu6050/eMPL/inv_mpu.o
                0x0000000008005260                run_self_test
 .text.MPU_DMP_Init
                0x0000000008005334       0xc4 Core/Src/mpu6050/eMPL/inv_mpu.o
                0x0000000008005334                MPU_DMP_Init
 .text.MPU_DMP_GetEularAngle
                0x00000000080053f8      0x2a0 Core/Src/mpu6050/eMPL/inv_mpu.o
                0x00000000080053f8                MPU_DMP_GetEularAngle
 .text.MPU_GetGyroscope
                0x0000000008005698       0x80 Core/Src/mpu6050/eMPL/inv_mpu.o
                0x0000000008005698                MPU_GetGyroscope
 .text.dmp_load_motion_driver_firmware
                0x0000000008005718       0x20 Core/Src/mpu6050/eMPL/inv_mpu_dmp_motion_driver.o
                0x0000000008005718                dmp_load_motion_driver_firmware
 .text.dmp_set_orientation
                0x0000000008005738      0x1e4 Core/Src/mpu6050/eMPL/inv_mpu_dmp_motion_driver.o
                0x0000000008005738                dmp_set_orientation
 .text.dmp_set_gyro_bias
                0x000000000800591c      0x1cc Core/Src/mpu6050/eMPL/inv_mpu_dmp_motion_driver.o
                0x000000000800591c                dmp_set_gyro_bias
 .text.dmp_set_accel_bias
                0x0000000008005ae8      0x1b8 Core/Src/mpu6050/eMPL/inv_mpu_dmp_motion_driver.o
                0x0000000008005ae8                dmp_set_accel_bias
 .text.dmp_set_fifo_rate
                0x0000000008005ca0       0x90 Core/Src/mpu6050/eMPL/inv_mpu_dmp_motion_driver.o
                0x0000000008005ca0                dmp_set_fifo_rate
 .text.dmp_set_tap_thresh
                0x0000000008005d30      0x254 Core/Src/mpu6050/eMPL/inv_mpu_dmp_motion_driver.o
                0x0000000008005d30                dmp_set_tap_thresh
 .text.dmp_set_tap_axes
                0x0000000008005f84       0x64 Core/Src/mpu6050/eMPL/inv_mpu_dmp_motion_driver.o
                0x0000000008005f84                dmp_set_tap_axes
 .text.dmp_set_tap_count
                0x0000000008005fe8       0x42 Core/Src/mpu6050/eMPL/inv_mpu_dmp_motion_driver.o
                0x0000000008005fe8                dmp_set_tap_count
 *fill*         0x000000000800602a        0x2 
 .text.dmp_set_tap_time
                0x000000000800602c       0x44 Core/Src/mpu6050/eMPL/inv_mpu_dmp_motion_driver.o
                0x000000000800602c                dmp_set_tap_time
 .text.dmp_set_tap_time_multi
                0x0000000008006070       0x44 Core/Src/mpu6050/eMPL/inv_mpu_dmp_motion_driver.o
                0x0000000008006070                dmp_set_tap_time_multi
 .text.dmp_set_shake_reject_thresh
                0x00000000080060b4       0x60 Core/Src/mpu6050/eMPL/inv_mpu_dmp_motion_driver.o
                0x00000000080060b4                dmp_set_shake_reject_thresh
 .text.dmp_set_shake_reject_time
                0x0000000008006114       0x44 Core/Src/mpu6050/eMPL/inv_mpu_dmp_motion_driver.o
                0x0000000008006114                dmp_set_shake_reject_time
 .text.dmp_set_shake_reject_timeout
                0x0000000008006158       0x44 Core/Src/mpu6050/eMPL/inv_mpu_dmp_motion_driver.o
                0x0000000008006158                dmp_set_shake_reject_timeout
 .text.dmp_enable_feature
                0x000000000800619c      0x250 Core/Src/mpu6050/eMPL/inv_mpu_dmp_motion_driver.o
                0x000000000800619c                dmp_enable_feature
 .text.dmp_enable_gyro_cal
                0x00000000080063ec       0x60 Core/Src/mpu6050/eMPL/inv_mpu_dmp_motion_driver.o
                0x00000000080063ec                dmp_enable_gyro_cal
 .text.dmp_enable_lp_quat
                0x000000000800644c       0x4e Core/Src/mpu6050/eMPL/inv_mpu_dmp_motion_driver.o
                0x000000000800644c                dmp_enable_lp_quat
 .text.dmp_enable_6x_lp_quat
                0x000000000800649a       0x4e Core/Src/mpu6050/eMPL/inv_mpu_dmp_motion_driver.o
                0x000000000800649a                dmp_enable_6x_lp_quat
 .text.decode_gesture
                0x00000000080064e8       0x88 Core/Src/mpu6050/eMPL/inv_mpu_dmp_motion_driver.o
 .text.dmp_read_fifo
                0x0000000008006570      0x2e8 Core/Src/mpu6050/eMPL/inv_mpu_dmp_motion_driver.o
                0x0000000008006570                dmp_read_fifo
 .text.Reset_Handler
                0x0000000008006858       0x48 Core/Startup/startup_stm32f103c8tx.o
                0x0000000008006858                Reset_Handler
 .text.Default_Handler
                0x00000000080068a0        0x2 Core/Startup/startup_stm32f103c8tx.o
                0x00000000080068a0                RTC_Alarm_IRQHandler
                0x00000000080068a0                EXTI2_IRQHandler
                0x00000000080068a0                TIM1_CC_IRQHandler
                0x00000000080068a0                PVD_IRQHandler
                0x00000000080068a0                EXTI3_IRQHandler
                0x00000000080068a0                EXTI0_IRQHandler
                0x00000000080068a0                I2C2_EV_IRQHandler
                0x00000000080068a0                ADC1_2_IRQHandler
                0x00000000080068a0                SPI1_IRQHandler
                0x00000000080068a0                TAMPER_IRQHandler
                0x00000000080068a0                DMA1_Channel4_IRQHandler
                0x00000000080068a0                USART3_IRQHandler
                0x00000000080068a0                RTC_IRQHandler
                0x00000000080068a0                DMA1_Channel7_IRQHandler
                0x00000000080068a0                CAN1_RX1_IRQHandler
                0x00000000080068a0                TIM4_IRQHandler
                0x00000000080068a0                I2C1_EV_IRQHandler
                0x00000000080068a0                DMA1_Channel6_IRQHandler
                0x00000000080068a0                TIM3_IRQHandler
                0x00000000080068a0                RCC_IRQHandler
                0x00000000080068a0                TIM1_TRG_COM_IRQHandler
                0x00000000080068a0                DMA1_Channel1_IRQHandler
                0x00000000080068a0                Default_Handler
                0x00000000080068a0                EXTI15_10_IRQHandler
                0x00000000080068a0                SPI2_IRQHandler
                0x00000000080068a0                DMA1_Channel5_IRQHandler
                0x00000000080068a0                EXTI4_IRQHandler
                0x00000000080068a0                USB_LP_CAN1_RX0_IRQHandler
                0x00000000080068a0                USB_HP_CAN1_TX_IRQHandler
                0x00000000080068a0                DMA1_Channel3_IRQHandler
                0x00000000080068a0                TIM1_UP_IRQHandler
                0x00000000080068a0                WWDG_IRQHandler
                0x00000000080068a0                TIM2_IRQHandler
                0x00000000080068a0                TIM1_BRK_IRQHandler
                0x00000000080068a0                EXTI1_IRQHandler
                0x00000000080068a0                USART2_IRQHandler
                0x00000000080068a0                I2C2_ER_IRQHandler
                0x00000000080068a0                DMA1_Channel2_IRQHandler
                0x00000000080068a0                CAN1_SCE_IRQHandler
                0x00000000080068a0                FLASH_IRQHandler
                0x00000000080068a0                I2C1_ER_IRQHandler
                0x00000000080068a0                USBWakeUp_IRQHandler
 *fill*         0x00000000080068a2        0x2 
 .text.HAL_Init
                0x00000000080068a4       0x2c Drivers/STM32F1xx_HAL_Driver/Src/stm32f1xx_hal.o
                0x00000000080068a4                HAL_Init
 .text.HAL_InitTick
                0x00000000080068d0       0x60 Drivers/STM32F1xx_HAL_Driver/Src/stm32f1xx_hal.o
                0x00000000080068d0                HAL_InitTick
 .text.HAL_GetTick
                0x0000000008006930       0x14 Drivers/STM32F1xx_HAL_Driver/Src/stm32f1xx_hal.o
                0x0000000008006930                HAL_GetTick
 .text.__NVIC_SetPriorityGrouping
                0x0000000008006944       0x48 Drivers/STM32F1xx_HAL_Driver/Src/stm32f1xx_hal_cortex.o
 .text.__NVIC_GetPriorityGrouping
                0x000000000800698c       0x1c Drivers/STM32F1xx_HAL_Driver/Src/stm32f1xx_hal_cortex.o
 .text.__NVIC_SetPriority
                0x00000000080069a8       0x54 Drivers/STM32F1xx_HAL_Driver/Src/stm32f1xx_hal_cortex.o
 .text.NVIC_EncodePriority
                0x00000000080069fc       0x64 Drivers/STM32F1xx_HAL_Driver/Src/stm32f1xx_hal_cortex.o
 .text.SysTick_Config
                0x0000000008006a60       0x44 Drivers/STM32F1xx_HAL_Driver/Src/stm32f1xx_hal_cortex.o
 .text.HAL_NVIC_SetPriorityGrouping
                0x0000000008006aa4       0x16 Drivers/STM32F1xx_HAL_Driver/Src/stm32f1xx_hal_cortex.o
                0x0000000008006aa4                HAL_NVIC_SetPriorityGrouping
 .text.HAL_NVIC_SetPriority
                0x0000000008006aba       0x38 Drivers/STM32F1xx_HAL_Driver/Src/stm32f1xx_hal_cortex.o
                0x0000000008006aba                HAL_NVIC_SetPriority
 .text.HAL_SYSTICK_Config
                0x0000000008006af2       0x18 Drivers/STM32F1xx_HAL_Driver/Src/stm32f1xx_hal_cortex.o
                0x0000000008006af2                HAL_SYSTICK_Config
 *fill*         0x0000000008006b0a        0x2 
 .text.HAL_GPIO_Init
                0x0000000008006b0c      0x308 Drivers/STM32F1xx_HAL_Driver/Src/stm32f1xx_hal_gpio.o
                0x0000000008006b0c                HAL_GPIO_Init
 .text.HAL_I2C_Init
                0x0000000008006e14      0x288 Drivers/STM32F1xx_HAL_Driver/Src/stm32f1xx_hal_i2c.o
                0x0000000008006e14                HAL_I2C_Init
 .text.HAL_I2C_Mem_Write
                0x000000000800709c      0x1f4 Drivers/STM32F1xx_HAL_Driver/Src/stm32f1xx_hal_i2c.o
                0x000000000800709c                HAL_I2C_Mem_Write
 .text.HAL_I2C_Mem_Read
                0x0000000008007290      0x4d0 Drivers/STM32F1xx_HAL_Driver/Src/stm32f1xx_hal_i2c.o
                0x0000000008007290                HAL_I2C_Mem_Read
 .text.HAL_I2C_IsDeviceReady
                0x0000000008007760      0x25c Drivers/STM32F1xx_HAL_Driver/Src/stm32f1xx_hal_i2c.o
                0x0000000008007760                HAL_I2C_IsDeviceReady
 .text.I2C_RequestMemoryWrite
                0x00000000080079bc      0x12c Drivers/STM32F1xx_HAL_Driver/Src/stm32f1xx_hal_i2c.o
 .text.I2C_RequestMemoryRead
                0x0000000008007ae8      0x1d0 Drivers/STM32F1xx_HAL_Driver/Src/stm32f1xx_hal_i2c.o
 .text.I2C_WaitOnFlagUntilTimeout
                0x0000000008007cb8       0xae Drivers/STM32F1xx_HAL_Driver/Src/stm32f1xx_hal_i2c.o
 .text.I2C_WaitOnMasterAddressFlagUntilTimeout
                0x0000000008007d66       0xfe Drivers/STM32F1xx_HAL_Driver/Src/stm32f1xx_hal_i2c.o
 .text.I2C_WaitOnTXEFlagUntilTimeout
                0x0000000008007e64       0x82 Drivers/STM32F1xx_HAL_Driver/Src/stm32f1xx_hal_i2c.o
 .text.I2C_WaitOnBTFFlagUntilTimeout
                0x0000000008007ee6       0x82 Drivers/STM32F1xx_HAL_Driver/Src/stm32f1xx_hal_i2c.o
 .text.I2C_WaitOnRXNEFlagUntilTimeout
                0x0000000008007f68       0xac Drivers/STM32F1xx_HAL_Driver/Src/stm32f1xx_hal_i2c.o
 .text.I2C_IsAcknowledgeFailed
                0x0000000008008014       0x5c Drivers/STM32F1xx_HAL_Driver/Src/stm32f1xx_hal_i2c.o
 .text.HAL_RCC_GetHCLKFreq
                0x0000000008008070       0x14 Drivers/STM32F1xx_HAL_Driver/Src/stm32f1xx_hal_rcc.o
                0x0000000008008070                HAL_RCC_GetHCLKFreq
 .text.HAL_RCC_GetPCLK1Freq
                0x0000000008008084       0x28 Drivers/STM32F1xx_HAL_Driver/Src/stm32f1xx_hal_rcc.o
                0x0000000008008084                HAL_RCC_GetPCLK1Freq
 .text.HAL_TIM_Encoder_Init
                0x00000000080080ac      0x144 Drivers/STM32F1xx_HAL_Driver/Src/stm32f1xx_hal_tim.o
                0x00000000080080ac                HAL_TIM_Encoder_Init
 .text.HAL_TIM_Encoder_Start
                0x00000000080081f0      0x11c Drivers/STM32F1xx_HAL_Driver/Src/stm32f1xx_hal_tim.o
                0x00000000080081f0                HAL_TIM_Encoder_Start
 .text.TIM_Base_SetConfig
                0x000000000800830c       0xc4 Drivers/STM32F1xx_HAL_Driver/Src/stm32f1xx_hal_tim.o
                0x000000000800830c                TIM_Base_SetConfig
 .text.TIM_CCxChannelCmd
                0x00000000080083d0       0x48 Drivers/STM32F1xx_HAL_Driver/Src/stm32f1xx_hal_tim.o
                0x00000000080083d0                TIM_CCxChannelCmd
 .text.HAL_TIMEx_MasterConfigSynchronization
                0x0000000008008418       0xbc Drivers/STM32F1xx_HAL_Driver/Src/stm32f1xx_hal_tim_ex.o
                0x0000000008008418                HAL_TIMEx_MasterConfigSynchronization
 .text.LL_EXTI_EnableIT_0_31
                0x00000000080084d4       0x24 Drivers/STM32F1xx_HAL_Driver/Src/stm32f1xx_ll_exti.o
 .text.LL_EXTI_DisableIT_0_31
                0x00000000080084f8       0x24 Drivers/STM32F1xx_HAL_Driver/Src/stm32f1xx_ll_exti.o
 .text.LL_EXTI_EnableEvent_0_31
                0x000000000800851c       0x24 Drivers/STM32F1xx_HAL_Driver/Src/stm32f1xx_ll_exti.o
 .text.LL_EXTI_DisableEvent_0_31
                0x0000000008008540       0x24 Drivers/STM32F1xx_HAL_Driver/Src/stm32f1xx_ll_exti.o
 .text.LL_EXTI_EnableRisingTrig_0_31
                0x0000000008008564       0x24 Drivers/STM32F1xx_HAL_Driver/Src/stm32f1xx_ll_exti.o
 .text.LL_EXTI_DisableRisingTrig_0_31
                0x0000000008008588       0x24 Drivers/STM32F1xx_HAL_Driver/Src/stm32f1xx_ll_exti.o
 .text.LL_EXTI_EnableFallingTrig_0_31
                0x00000000080085ac       0x24 Drivers/STM32F1xx_HAL_Driver/Src/stm32f1xx_ll_exti.o
 .text.LL_EXTI_DisableFallingTrig_0_31
                0x00000000080085d0       0x24 Drivers/STM32F1xx_HAL_Driver/Src/stm32f1xx_ll_exti.o
 .text.LL_EXTI_Init
                0x00000000080085f4      0x102 Drivers/STM32F1xx_HAL_Driver/Src/stm32f1xx_ll_exti.o
                0x00000000080085f4                LL_EXTI_Init
 .text.LL_GPIO_SetPinMode
                0x00000000080086f6       0x64 Drivers/STM32F1xx_HAL_Driver/Src/stm32f1xx_ll_gpio.o
 .text.LL_GPIO_SetPinSpeed
                0x000000000800875a       0x64 Drivers/STM32F1xx_HAL_Driver/Src/stm32f1xx_ll_gpio.o
 .text.LL_GPIO_SetPinOutputType
                0x00000000080087be       0x64 Drivers/STM32F1xx_HAL_Driver/Src/stm32f1xx_ll_gpio.o
 .text.LL_GPIO_SetPinPull
                0x0000000008008822       0x44 Drivers/STM32F1xx_HAL_Driver/Src/stm32f1xx_ll_gpio.o
 .text.LL_GPIO_Init
                0x0000000008008866       0xcc Drivers/STM32F1xx_HAL_Driver/Src/stm32f1xx_ll_gpio.o
                0x0000000008008866                LL_GPIO_Init
 *fill*         0x0000000008008932        0x2 
 .text.LL_RCC_GetSysClkSource
                0x0000000008008934       0x18 Drivers/STM32F1xx_HAL_Driver/Src/stm32f1xx_ll_rcc.o
 .text.LL_RCC_GetAHBPrescaler
                0x000000000800894c       0x18 Drivers/STM32F1xx_HAL_Driver/Src/stm32f1xx_ll_rcc.o
 .text.LL_RCC_GetAPB1Prescaler
                0x0000000008008964       0x18 Drivers/STM32F1xx_HAL_Driver/Src/stm32f1xx_ll_rcc.o
 .text.LL_RCC_GetAPB2Prescaler
                0x000000000800897c       0x18 Drivers/STM32F1xx_HAL_Driver/Src/stm32f1xx_ll_rcc.o
 .text.LL_RCC_PLL_GetMainSource
                0x0000000008008994       0x18 Drivers/STM32F1xx_HAL_Driver/Src/stm32f1xx_ll_rcc.o
 .text.LL_RCC_PLL_GetMultiplicator
                0x00000000080089ac       0x18 Drivers/STM32F1xx_HAL_Driver/Src/stm32f1xx_ll_rcc.o
 .text.LL_RCC_PLL_GetPrediv
                0x00000000080089c4       0x1c Drivers/STM32F1xx_HAL_Driver/Src/stm32f1xx_ll_rcc.o
 .text.LL_RCC_GetSystemClocksFreq
                0x00000000080089e0       0x4a Drivers/STM32F1xx_HAL_Driver/Src/stm32f1xx_ll_rcc.o
                0x00000000080089e0                LL_RCC_GetSystemClocksFreq
 *fill*         0x0000000008008a2a        0x2 
 .text.RCC_GetSystemClockFreq
                0x0000000008008a2c       0x4c Drivers/STM32F1xx_HAL_Driver/Src/stm32f1xx_ll_rcc.o
                0x0000000008008a2c                RCC_GetSystemClockFreq
 .text.RCC_GetHCLKClockFreq
                0x0000000008008a78       0x2c Drivers/STM32F1xx_HAL_Driver/Src/stm32f1xx_ll_rcc.o
                0x0000000008008a78                RCC_GetHCLKClockFreq
 .text.RCC_GetPCLK1ClockFreq
                0x0000000008008aa4       0x28 Drivers/STM32F1xx_HAL_Driver/Src/stm32f1xx_ll_rcc.o
                0x0000000008008aa4                RCC_GetPCLK1ClockFreq
 .text.RCC_GetPCLK2ClockFreq
                0x0000000008008acc       0x28 Drivers/STM32F1xx_HAL_Driver/Src/stm32f1xx_ll_rcc.o
                0x0000000008008acc                RCC_GetPCLK2ClockFreq
 .text.RCC_PLL_GetFreqDomain_SYS
                0x0000000008008af4       0x64 Drivers/STM32F1xx_HAL_Driver/Src/stm32f1xx_ll_rcc.o
                0x0000000008008af4                RCC_PLL_GetFreqDomain_SYS
 .text.LL_TIM_SetPrescaler
                0x0000000008008b58       0x1a Drivers/STM32F1xx_HAL_Driver/Src/stm32f1xx_ll_tim.o
 .text.LL_TIM_SetAutoReload
                0x0000000008008b72       0x1a Drivers/STM32F1xx_HAL_Driver/Src/stm32f1xx_ll_tim.o
 .text.LL_TIM_SetRepetitionCounter
                0x0000000008008b8c       0x1a Drivers/STM32F1xx_HAL_Driver/Src/stm32f1xx_ll_tim.o
 .text.LL_TIM_OC_SetCompareCH1
                0x0000000008008ba6       0x1a Drivers/STM32F1xx_HAL_Driver/Src/stm32f1xx_ll_tim.o
 .text.LL_TIM_OC_SetCompareCH2
                0x0000000008008bc0       0x1a Drivers/STM32F1xx_HAL_Driver/Src/stm32f1xx_ll_tim.o
 .text.LL_TIM_OC_SetCompareCH3
                0x0000000008008bda       0x1a Drivers/STM32F1xx_HAL_Driver/Src/stm32f1xx_ll_tim.o
 .text.LL_TIM_OC_SetCompareCH4
                0x0000000008008bf4       0x1a Drivers/STM32F1xx_HAL_Driver/Src/stm32f1xx_ll_tim.o
 .text.LL_TIM_GenerateEvent_UPDATE
                0x0000000008008c0e       0x1e Drivers/STM32F1xx_HAL_Driver/Src/stm32f1xx_ll_tim.o
 .text.LL_TIM_Init
                0x0000000008008c2c       0xbc Drivers/STM32F1xx_HAL_Driver/Src/stm32f1xx_ll_tim.o
                0x0000000008008c2c                LL_TIM_Init
 .text.LL_TIM_OC_Init
                0x0000000008008ce8       0x82 Drivers/STM32F1xx_HAL_Driver/Src/stm32f1xx_ll_tim.o
                0x0000000008008ce8                LL_TIM_OC_Init
 *fill*         0x0000000008008d6a        0x2 
 .text.OC1Config
                0x0000000008008d6c       0xcc Drivers/STM32F1xx_HAL_Driver/Src/stm32f1xx_ll_tim.o
 .text.OC2Config
                0x0000000008008e38       0xd4 Drivers/STM32F1xx_HAL_Driver/Src/stm32f1xx_ll_tim.o
 .text.OC3Config
                0x0000000008008f0c       0xd4 Drivers/STM32F1xx_HAL_Driver/Src/stm32f1xx_ll_tim.o
 .text.OC4Config
                0x0000000008008fe0       0xa4 Drivers/STM32F1xx_HAL_Driver/Src/stm32f1xx_ll_tim.o
 .text.LL_USART_IsEnabled
                0x0000000008009084       0x26 Drivers/STM32F1xx_HAL_Driver/Src/stm32f1xx_ll_usart.o
 .text.LL_USART_SetStopBitsLength
                0x00000000080090aa       0x24 Drivers/STM32F1xx_HAL_Driver/Src/stm32f1xx_ll_usart.o
 .text.LL_USART_SetHWFlowCtrl
                0x00000000080090ce       0x24 Drivers/STM32F1xx_HAL_Driver/Src/stm32f1xx_ll_usart.o
 *fill*         0x00000000080090f2        0x2 
 .text.LL_USART_SetBaudRate
                0x00000000080090f4       0xbc Drivers/STM32F1xx_HAL_Driver/Src/stm32f1xx_ll_usart.o
 .text.LL_USART_Init
                0x00000000080091b0       0xc0 Drivers/STM32F1xx_HAL_Driver/Src/stm32f1xx_ll_usart.o
                0x00000000080091b0                LL_USART_Init
 .text.LL_SetSystemCoreClock
                0x0000000008009270       0x1c Drivers/STM32F1xx_HAL_Driver/Src/stm32f1xx_ll_utils.o
                0x0000000008009270                LL_SetSystemCoreClock
 .text.__errno  0x000000000800928c        0xc c:/st/stm32cubeide_1.6.1/stm32cubeide/plugins/com.st.stm32cube.ide.mcu.externaltools.gnu-tools-for-stm32.9-2020-q2-update.win32_1.5.0.202011040924/tools/bin/../lib/gcc/arm-none-eabi/9.3.1/../../../../arm-none-eabi/lib/thumb/v7-m/nofp\libc_nano.a(lib_a-errno.o)
                0x000000000800928c                __errno
 .text.__libc_init_array
                0x0000000008009298       0x48 c:/st/stm32cubeide_1.6.1/stm32cubeide/plugins/com.st.stm32cube.ide.mcu.externaltools.gnu-tools-for-stm32.9-2020-q2-update.win32_1.5.0.202011040924/tools/bin/../lib/gcc/arm-none-eabi/9.3.1/../../../../arm-none-eabi/lib/thumb/v7-m/nofp\libc_nano.a(lib_a-init.o)
                0x0000000008009298                __libc_init_array
 .text.memcmp   0x00000000080092e0       0x1c c:/st/stm32cubeide_1.6.1/stm32cubeide/plugins/com.st.stm32cube.ide.mcu.externaltools.gnu-tools-for-stm32.9-2020-q2-update.win32_1.5.0.202011040924/tools/bin/../lib/gcc/arm-none-eabi/9.3.1/../../../../arm-none-eabi/lib/thumb/v7-m/nofp\libc_nano.a(lib_a-memcmp.o)
                0x00000000080092e0                memcmp
 .text.memset   0x00000000080092fc       0x10 c:/st/stm32cubeide_1.6.1/stm32cubeide/plugins/com.st.stm32cube.ide.mcu.externaltools.gnu-tools-for-stm32.9-2020-q2-update.win32_1.5.0.202011040924/tools/bin/../lib/gcc/arm-none-eabi/9.3.1/../../../../arm-none-eabi/lib/thumb/v7-m/nofp\libc_nano.a(lib_a-memset.o)
                0x00000000080092fc                memset
 .text.printf   0x000000000800930c       0x30 c:/st/stm32cubeide_1.6.1/stm32cubeide/plugins/com.st.stm32cube.ide.mcu.externaltools.gnu-tools-for-stm32.9-2020-q2-update.win32_1.5.0.202011040924/tools/bin/../lib/gcc/arm-none-eabi/9.3.1/../../../../arm-none-eabi/lib/thumb/v7-m/nofp\libc_nano.a(lib_a-printf.o)
                0x000000000800930c                iprintf
                0x000000000800930c                printf
 .text._puts_r  0x000000000800933c       0xdc c:/st/stm32cubeide_1.6.1/stm32cubeide/plugins/com.st.stm32cube.ide.mcu.externaltools.gnu-tools-for-stm32.9-2020-q2-update.win32_1.5.0.202011040924/tools/bin/../lib/gcc/arm-none-eabi/9.3.1/../../../../arm-none-eabi/lib/thumb/v7-m/nofp\libc_nano.a(lib_a-puts.o)
                0x000000000800933c                _puts_r
 .text.puts     0x0000000008009418       0x10 c:/st/stm32cubeide_1.6.1/stm32cubeide/plugins/com.st.stm32cube.ide.mcu.externaltools.gnu-tools-for-stm32.9-2020-q2-update.win32_1.5.0.202011040924/tools/bin/../lib/gcc/arm-none-eabi/9.3.1/../../../../arm-none-eabi/lib/thumb/v7-m/nofp\libc_nano.a(lib_a-puts.o)
                0x0000000008009418                puts
 .text.__swbuf_r
                0x0000000008009428       0xa4 c:/st/stm32cubeide_1.6.1/stm32cubeide/plugins/com.st.stm32cube.ide.mcu.externaltools.gnu-tools-for-stm32.9-2020-q2-update.win32_1.5.0.202011040924/tools/bin/../lib/gcc/arm-none-eabi/9.3.1/../../../../arm-none-eabi/lib/thumb/v7-m/nofp\libc_nano.a(lib_a-wbuf.o)
                0x0000000008009428                __swbuf_r
 .text.__swsetup_r
                0x00000000080094cc       0xdc c:/st/stm32cubeide_1.6.1/stm32cubeide/plugins/com.st.stm32cube.ide.mcu.externaltools.gnu-tools-for-stm32.9-2020-q2-update.win32_1.5.0.202011040924/tools/bin/../lib/gcc/arm-none-eabi/9.3.1/../../../../arm-none-eabi/lib/thumb/v7-m/nofp\libc_nano.a(lib_a-wsetup.o)
                0x00000000080094cc                __swsetup_r
 .text.__sflush_r
                0x00000000080095a8      0x10c c:/st/stm32cubeide_1.6.1/stm32cubeide/plugins/com.st.stm32cube.ide.mcu.externaltools.gnu-tools-for-stm32.9-2020-q2-update.win32_1.5.0.202011040924/tools/bin/../lib/gcc/arm-none-eabi/9.3.1/../../../../arm-none-eabi/lib/thumb/v7-m/nofp\libc_nano.a(lib_a-fflush.o)
                0x00000000080095a8                __sflush_r
 .text._fflush_r
                0x00000000080096b4       0x78 c:/st/stm32cubeide_1.6.1/stm32cubeide/plugins/com.st.stm32cube.ide.mcu.externaltools.gnu-tools-for-stm32.9-2020-q2-update.win32_1.5.0.202011040924/tools/bin/../lib/gcc/arm-none-eabi/9.3.1/../../../../arm-none-eabi/lib/thumb/v7-m/nofp\libc_nano.a(lib_a-fflush.o)
                0x00000000080096b4                _fflush_r
 .text.std      0x000000000800972c       0x48 c:/st/stm32cubeide_1.6.1/stm32cubeide/plugins/com.st.stm32cube.ide.mcu.externaltools.gnu-tools-for-stm32.9-2020-q2-update.win32_1.5.0.202011040924/tools/bin/../lib/gcc/arm-none-eabi/9.3.1/../../../../arm-none-eabi/lib/thumb/v7-m/nofp\libc_nano.a(lib_a-findfp.o)
 .text._cleanup_r
                0x0000000008009774        0xc c:/st/stm32cubeide_1.6.1/stm32cubeide/plugins/com.st.stm32cube.ide.mcu.externaltools.gnu-tools-for-stm32.9-2020-q2-update.win32_1.5.0.202011040924/tools/bin/../lib/gcc/arm-none-eabi/9.3.1/../../../../arm-none-eabi/lib/thumb/v7-m/nofp\libc_nano.a(lib_a-findfp.o)
                0x0000000008009774                _cleanup_r
 .text.__sfmoreglue
                0x0000000008009780       0x2c c:/st/stm32cubeide_1.6.1/stm32cubeide/plugins/com.st.stm32cube.ide.mcu.externaltools.gnu-tools-for-stm32.9-2020-q2-update.win32_1.5.0.202011040924/tools/bin/../lib/gcc/arm-none-eabi/9.3.1/../../../../arm-none-eabi/lib/thumb/v7-m/nofp\libc_nano.a(lib_a-findfp.o)
                0x0000000008009780                __sfmoreglue
 .text.__sfp_lock_acquire
                0x00000000080097ac        0xc c:/st/stm32cubeide_1.6.1/stm32cubeide/plugins/com.st.stm32cube.ide.mcu.externaltools.gnu-tools-for-stm32.9-2020-q2-update.win32_1.5.0.202011040924/tools/bin/../lib/gcc/arm-none-eabi/9.3.1/../../../../arm-none-eabi/lib/thumb/v7-m/nofp\libc_nano.a(lib_a-findfp.o)
                0x00000000080097ac                __sfp_lock_acquire
 .text.__sfp_lock_release
                0x00000000080097b8        0xc c:/st/stm32cubeide_1.6.1/stm32cubeide/plugins/com.st.stm32cube.ide.mcu.externaltools.gnu-tools-for-stm32.9-2020-q2-update.win32_1.5.0.202011040924/tools/bin/../lib/gcc/arm-none-eabi/9.3.1/../../../../arm-none-eabi/lib/thumb/v7-m/nofp\libc_nano.a(lib_a-findfp.o)
                0x00000000080097b8                __sfp_lock_release
 .text.__sinit_lock_acquire
                0x00000000080097c4        0xc c:/st/stm32cubeide_1.6.1/stm32cubeide/plugins/com.st.stm32cube.ide.mcu.externaltools.gnu-tools-for-stm32.9-2020-q2-update.win32_1.5.0.202011040924/tools/bin/../lib/gcc/arm-none-eabi/9.3.1/../../../../arm-none-eabi/lib/thumb/v7-m/nofp\libc_nano.a(lib_a-findfp.o)
                0x00000000080097c4                __sinit_lock_acquire
 .text.__sinit_lock_release
                0x00000000080097d0        0xc c:/st/stm32cubeide_1.6.1/stm32cubeide/plugins/com.st.stm32cube.ide.mcu.externaltools.gnu-tools-for-stm32.9-2020-q2-update.win32_1.5.0.202011040924/tools/bin/../lib/gcc/arm-none-eabi/9.3.1/../../../../arm-none-eabi/lib/thumb/v7-m/nofp\libc_nano.a(lib_a-findfp.o)
                0x00000000080097d0                __sinit_lock_release
 .text.__sinit  0x00000000080097dc       0x70 c:/st/stm32cubeide_1.6.1/stm32cubeide/plugins/com.st.stm32cube.ide.mcu.externaltools.gnu-tools-for-stm32.9-2020-q2-update.win32_1.5.0.202011040924/tools/bin/../lib/gcc/arm-none-eabi/9.3.1/../../../../arm-none-eabi/lib/thumb/v7-m/nofp\libc_nano.a(lib_a-findfp.o)
                0x00000000080097dc                __sinit
 .text.__sfp    0x000000000800984c       0x8c c:/st/stm32cubeide_1.6.1/stm32cubeide/plugins/com.st.stm32cube.ide.mcu.externaltools.gnu-tools-for-stm32.9-2020-q2-update.win32_1.5.0.202011040924/tools/bin/../lib/gcc/arm-none-eabi/9.3.1/../../../../arm-none-eabi/lib/thumb/v7-m/nofp\libc_nano.a(lib_a-findfp.o)
                0x000000000800984c                __sfp
 .text._fwalk_reent
                0x00000000080098d8       0x3e c:/st/stm32cubeide_1.6.1/stm32cubeide/plugins/com.st.stm32cube.ide.mcu.externaltools.gnu-tools-for-stm32.9-2020-q2-update.win32_1.5.0.202011040924/tools/bin/../lib/gcc/arm-none-eabi/9.3.1/../../../../arm-none-eabi/lib/thumb/v7-m/nofp\libc_nano.a(lib_a-fwalk.o)
                0x00000000080098d8                _fwalk_reent
 .text.__retarget_lock_init_recursive
                0x0000000008009916        0x2 c:/st/stm32cubeide_1.6.1/stm32cubeide/plugins/com.st.stm32cube.ide.mcu.externaltools.gnu-tools-for-stm32.9-2020-q2-update.win32_1.5.0.202011040924/tools/bin/../lib/gcc/arm-none-eabi/9.3.1/../../../../arm-none-eabi/lib/thumb/v7-m/nofp\libc_nano.a(lib_a-lock.o)
                0x0000000008009916                __retarget_lock_init_recursive
 .text.__retarget_lock_acquire_recursive
                0x0000000008009918        0x2 c:/st/stm32cubeide_1.6.1/stm32cubeide/plugins/com.st.stm32cube.ide.mcu.externaltools.gnu-tools-for-stm32.9-2020-q2-update.win32_1.5.0.202011040924/tools/bin/../lib/gcc/arm-none-eabi/9.3.1/../../../../arm-none-eabi/lib/thumb/v7-m/nofp\libc_nano.a(lib_a-lock.o)
                0x0000000008009918                __retarget_lock_acquire_recursive
 .text.__retarget_lock_release_recursive
                0x000000000800991a        0x2 c:/st/stm32cubeide_1.6.1/stm32cubeide/plugins/com.st.stm32cube.ide.mcu.externaltools.gnu-tools-for-stm32.9-2020-q2-update.win32_1.5.0.202011040924/tools/bin/../lib/gcc/arm-none-eabi/9.3.1/../../../../arm-none-eabi/lib/thumb/v7-m/nofp\libc_nano.a(lib_a-lock.o)
                0x000000000800991a                __retarget_lock_release_recursive
 .text.__swhatbuf_r
                0x000000000800991c       0x48 c:/st/stm32cubeide_1.6.1/stm32cubeide/plugins/com.st.stm32cube.ide.mcu.externaltools.gnu-tools-for-stm32.9-2020-q2-update.win32_1.5.0.202011040924/tools/bin/../lib/gcc/arm-none-eabi/9.3.1/../../../../arm-none-eabi/lib/thumb/v7-m/nofp\libc_nano.a(lib_a-makebuf.o)
                0x000000000800991c                __swhatbuf_r
 .text.__smakebuf_r
                0x0000000008009964       0x80 c:/st/stm32cubeide_1.6.1/stm32cubeide/plugins/com.st.stm32cube.ide.mcu.externaltools.gnu-tools-for-stm32.9-2020-q2-update.win32_1.5.0.202011040924/tools/bin/../lib/gcc/arm-none-eabi/9.3.1/../../../../arm-none-eabi/lib/thumb/v7-m/nofp\libc_nano.a(lib_a-makebuf.o)
                0x0000000008009964                __smakebuf_r
 .text._free_r  0x00000000080099e4       0x98 c:/st/stm32cubeide_1.6.1/stm32cubeide/plugins/com.st.stm32cube.ide.mcu.externaltools.gnu-tools-for-stm32.9-2020-q2-update.win32_1.5.0.202011040924/tools/bin/../lib/gcc/arm-none-eabi/9.3.1/../../../../arm-none-eabi/lib/thumb/v7-m/nofp\libc_nano.a(lib_a-nano-freer.o)
                0x00000000080099e4                _free_r
 .text._malloc_r
                0x0000000008009a7c       0xb4 c:/st/stm32cubeide_1.6.1/stm32cubeide/plugins/com.st.stm32cube.ide.mcu.externaltools.gnu-tools-for-stm32.9-2020-q2-update.win32_1.5.0.202011040924/tools/bin/../lib/gcc/arm-none-eabi/9.3.1/../../../../arm-none-eabi/lib/thumb/v7-m/nofp\libc_nano.a(lib_a-nano-mallocr.o)
                0x0000000008009a7c                _malloc_r
 .text.__sfputc_r
                0x0000000008009b30       0x2a c:/st/stm32cubeide_1.6.1/stm32cubeide/plugins/com.st.stm32cube.ide.mcu.externaltools.gnu-tools-for-stm32.9-2020-q2-update.win32_1.5.0.202011040924/tools/bin/../lib/gcc/arm-none-eabi/9.3.1/../../../../arm-none-eabi/lib/thumb/v7-m/nofp\libc_nano.a(lib_a-nano-vfprintf.o)
 .text.__sfputs_r
                0x0000000008009b5a       0x24 c:/st/stm32cubeide_1.6.1/stm32cubeide/plugins/com.st.stm32cube.ide.mcu.externaltools.gnu-tools-for-stm32.9-2020-q2-update.win32_1.5.0.202011040924/tools/bin/../lib/gcc/arm-none-eabi/9.3.1/../../../../arm-none-eabi/lib/thumb/v7-m/nofp\libc_nano.a(lib_a-nano-vfprintf.o)
                0x0000000008009b5a                __sfputs_r
 *fill*         0x0000000008009b7e        0x2 
 .text._vfprintf_r
                0x0000000008009b80      0x260 c:/st/stm32cubeide_1.6.1/stm32cubeide/plugins/com.st.stm32cube.ide.mcu.externaltools.gnu-tools-for-stm32.9-2020-q2-update.win32_1.5.0.202011040924/tools/bin/../lib/gcc/arm-none-eabi/9.3.1/../../../../arm-none-eabi/lib/thumb/v7-m/nofp\libc_nano.a(lib_a-nano-vfprintf.o)
                0x0000000008009b80                _vfprintf_r
                0x0000000008009b80                _vfiprintf_r
 .text._printf_common
                0x0000000008009de0       0xde c:/st/stm32cubeide_1.6.1/stm32cubeide/plugins/com.st.stm32cube.ide.mcu.externaltools.gnu-tools-for-stm32.9-2020-q2-update.win32_1.5.0.202011040924/tools/bin/../lib/gcc/arm-none-eabi/9.3.1/../../../../arm-none-eabi/lib/thumb/v7-m/nofp\libc_nano.a(lib_a-nano-vfprintf_i.o)
                0x0000000008009de0                _printf_common
 *fill*         0x0000000008009ebe        0x2 
 .text._printf_i
                0x0000000008009ec0      0x24c c:/st/stm32cubeide_1.6.1/stm32cubeide/plugins/com.st.stm32cube.ide.mcu.externaltools.gnu-tools-for-stm32.9-2020-q2-update.win32_1.5.0.202011040924/tools/bin/../lib/gcc/arm-none-eabi/9.3.1/../../../../arm-none-eabi/lib/thumb/v7-m/nofp\libc_nano.a(lib_a-nano-vfprintf_i.o)
                0x0000000008009ec0                _printf_i
 .text._sbrk_r  0x000000000800a10c       0x20 c:/st/stm32cubeide_1.6.1/stm32cubeide/plugins/com.st.stm32cube.ide.mcu.externaltools.gnu-tools-for-stm32.9-2020-q2-update.win32_1.5.0.202011040924/tools/bin/../lib/gcc/arm-none-eabi/9.3.1/../../../../arm-none-eabi/lib/thumb/v7-m/nofp\libc_nano.a(lib_a-sbrkr.o)
                0x000000000800a10c                _sbrk_r
 .text.__sread  0x000000000800a12c       0x22 c:/st/stm32cubeide_1.6.1/stm32cubeide/plugins/com.st.stm32cube.ide.mcu.externaltools.gnu-tools-for-stm32.9-2020-q2-update.win32_1.5.0.202011040924/tools/bin/../lib/gcc/arm-none-eabi/9.3.1/../../../../arm-none-eabi/lib/thumb/v7-m/nofp\libc_nano.a(lib_a-stdio.o)
                0x000000000800a12c                __sread
 .text.__swrite
                0x000000000800a14e       0x38 c:/st/stm32cubeide_1.6.1/stm32cubeide/plugins/com.st.stm32cube.ide.mcu.externaltools.gnu-tools-for-stm32.9-2020-q2-update.win32_1.5.0.202011040924/tools/bin/../lib/gcc/arm-none-eabi/9.3.1/../../../../arm-none-eabi/lib/thumb/v7-m/nofp\libc_nano.a(lib_a-stdio.o)
                0x000000000800a14e                __swrite
 .text.__sseek  0x000000000800a186       0x24 c:/st/stm32cubeide_1.6.1/stm32cubeide/plugins/com.st.stm32cube.ide.mcu.externaltools.gnu-tools-for-stm32.9-2020-q2-update.win32_1.5.0.202011040924/tools/bin/../lib/gcc/arm-none-eabi/9.3.1/../../../../arm-none-eabi/lib/thumb/v7-m/nofp\libc_nano.a(lib_a-stdio.o)
                0x000000000800a186                __sseek
 .text.__sclose
                0x000000000800a1aa        0x8 c:/st/stm32cubeide_1.6.1/stm32cubeide/plugins/com.st.stm32cube.ide.mcu.externaltools.gnu-tools-for-stm32.9-2020-q2-update.win32_1.5.0.202011040924/tools/bin/../lib/gcc/arm-none-eabi/9.3.1/../../../../arm-none-eabi/lib/thumb/v7-m/nofp\libc_nano.a(lib_a-stdio.o)
                0x000000000800a1aa                __sclose
 *fill*         0x000000000800a1b2        0x2 
 .text._write_r
                0x000000000800a1b4       0x24 c:/st/stm32cubeide_1.6.1/stm32cubeide/plugins/com.st.stm32cube.ide.mcu.externaltools.gnu-tools-for-stm32.9-2020-q2-update.win32_1.5.0.202011040924/tools/bin/../lib/gcc/arm-none-eabi/9.3.1/../../../../arm-none-eabi/lib/thumb/v7-m/nofp\libc_nano.a(lib_a-writer.o)
                0x000000000800a1b4                _write_r
 .text._close_r
                0x000000000800a1d8       0x20 c:/st/stm32cubeide_1.6.1/stm32cubeide/plugins/com.st.stm32cube.ide.mcu.externaltools.gnu-tools-for-stm32.9-2020-q2-update.win32_1.5.0.202011040924/tools/bin/../lib/gcc/arm-none-eabi/9.3.1/../../../../arm-none-eabi/lib/thumb/v7-m/nofp\libc_nano.a(lib_a-closer.o)
                0x000000000800a1d8                _close_r
 .text._fstat_r
                0x000000000800a1f8       0x24 c:/st/stm32cubeide_1.6.1/stm32cubeide/plugins/com.st.stm32cube.ide.mcu.externaltools.gnu-tools-for-stm32.9-2020-q2-update.win32_1.5.0.202011040924/tools/bin/../lib/gcc/arm-none-eabi/9.3.1/../../../../arm-none-eabi/lib/thumb/v7-m/nofp\libc_nano.a(lib_a-fstatr.o)
                0x000000000800a1f8                _fstat_r
 .text._isatty_r
                0x000000000800a21c       0x20 c:/st/stm32cubeide_1.6.1/stm32cubeide/plugins/com.st.stm32cube.ide.mcu.externaltools.gnu-tools-for-stm32.9-2020-q2-update.win32_1.5.0.202011040924/tools/bin/../lib/gcc/arm-none-eabi/9.3.1/../../../../arm-none-eabi/lib/thumb/v7-m/nofp\libc_nano.a(lib_a-isattyr.o)
                0x000000000800a21c                _isatty_r
 .text._lseek_r
                0x000000000800a23c       0x24 c:/st/stm32cubeide_1.6.1/stm32cubeide/plugins/com.st.stm32cube.ide.mcu.externaltools.gnu-tools-for-stm32.9-2020-q2-update.win32_1.5.0.202011040924/tools/bin/../lib/gcc/arm-none-eabi/9.3.1/../../../../arm-none-eabi/lib/thumb/v7-m/nofp\libc_nano.a(lib_a-lseekr.o)
                0x000000000800a23c                _lseek_r
 .text.memchr   0x000000000800a260       0x1c c:/st/stm32cubeide_1.6.1/stm32cubeide/plugins/com.st.stm32cube.ide.mcu.externaltools.gnu-tools-for-stm32.9-2020-q2-update.win32_1.5.0.202011040924/tools/bin/../lib/gcc/arm-none-eabi/9.3.1/../../../../arm-none-eabi/lib/thumb/v7-m/nofp\libc_nano.a(lib_a-memchr-stub.o)
                0x000000000800a260                memchr
 .text.__malloc_lock
                0x000000000800a27c        0xc c:/st/stm32cubeide_1.6.1/stm32cubeide/plugins/com.st.stm32cube.ide.mcu.externaltools.gnu-tools-for-stm32.9-2020-q2-update.win32_1.5.0.202011040924/tools/bin/../lib/gcc/arm-none-eabi/9.3.1/../../../../arm-none-eabi/lib/thumb/v7-m/nofp\libc_nano.a(lib_a-mlock.o)
                0x000000000800a27c                __malloc_lock
 .text.__malloc_unlock
                0x000000000800a288        0xc c:/st/stm32cubeide_1.6.1/stm32cubeide/plugins/com.st.stm32cube.ide.mcu.externaltools.gnu-tools-for-stm32.9-2020-q2-update.win32_1.5.0.202011040924/tools/bin/../lib/gcc/arm-none-eabi/9.3.1/../../../../arm-none-eabi/lib/thumb/v7-m/nofp\libc_nano.a(lib_a-mlock.o)
                0x000000000800a288                __malloc_unlock
 .text._read_r  0x000000000800a294       0x24 c:/st/stm32cubeide_1.6.1/stm32cubeide/plugins/com.st.stm32cube.ide.mcu.externaltools.gnu-tools-for-stm32.9-2020-q2-update.win32_1.5.0.202011040924/tools/bin/../lib/gcc/arm-none-eabi/9.3.1/../../../../arm-none-eabi/lib/thumb/v7-m/nofp\libc_nano.a(lib_a-readr.o)
                0x000000000800a294                _read_r
 .text.asin     0x000000000800a2b8       0x5c c:/st/stm32cubeide_1.6.1/stm32cubeide/plugins/com.st.stm32cube.ide.mcu.externaltools.gnu-tools-for-stm32.9-2020-q2-update.win32_1.5.0.202011040924/tools/bin/../lib/gcc/arm-none-eabi/9.3.1/../../../../arm-none-eabi/lib/thumb/v7-m/nofp\libm.a(lib_a-w_asin.o)
                0x000000000800a2b8                asin
 .text.atan2    0x000000000800a314        0x4 c:/st/stm32cubeide_1.6.1/stm32cubeide/plugins/com.st.stm32cube.ide.mcu.externaltools.gnu-tools-for-stm32.9-2020-q2-update.win32_1.5.0.202011040924/tools/bin/../lib/gcc/arm-none-eabi/9.3.1/../../../../arm-none-eabi/lib/thumb/v7-m/nofp\libm.a(lib_a-w_atan2.o)
                0x000000000800a314                atan2
 .text.__ieee754_asin
                0x000000000800a318      0x3f8 c:/st/stm32cubeide_1.6.1/stm32cubeide/plugins/com.st.stm32cube.ide.mcu.externaltools.gnu-tools-for-stm32.9-2020-q2-update.win32_1.5.0.202011040924/tools/bin/../lib/gcc/arm-none-eabi/9.3.1/../../../../arm-none-eabi/lib/thumb/v7-m/nofp\libm.a(lib_a-e_asin.o)
                0x000000000800a318                __ieee754_asin
 .text.__ieee754_atan2
                0x000000000800a710      0x1a4 c:/st/stm32cubeide_1.6.1/stm32cubeide/plugins/com.st.stm32cube.ide.mcu.externaltools.gnu-tools-for-stm32.9-2020-q2-update.win32_1.5.0.202011040924/tools/bin/../lib/gcc/arm-none-eabi/9.3.1/../../../../arm-none-eabi/lib/thumb/v7-m/nofp\libm.a(lib_a-e_atan2.o)
                0x000000000800a710                __ieee754_atan2
 .text.__ieee754_sqrt
                0x000000000800a8b4      0x158 c:/st/stm32cubeide_1.6.1/stm32cubeide/plugins/com.st.stm32cube.ide.mcu.externaltools.gnu-tools-for-stm32.9-2020-q2-update.win32_1.5.0.202011040924/tools/bin/../lib/gcc/arm-none-eabi/9.3.1/../../../../arm-none-eabi/lib/thumb/v7-m/nofp\libm.a(lib_a-e_sqrt.o)
                0x000000000800a8b4                __ieee754_sqrt
 *fill*         0x000000000800aa0c        0x4 
 .text.atan     0x000000000800aa10      0x314 c:/st/stm32cubeide_1.6.1/stm32cubeide/plugins/com.st.stm32cube.ide.mcu.externaltools.gnu-tools-for-stm32.9-2020-q2-update.win32_1.5.0.202011040924/tools/bin/../lib/gcc/arm-none-eabi/9.3.1/../../../../arm-none-eabi/lib/thumb/v7-m/nofp\libm.a(lib_a-s_atan.o)
                0x000000000800aa10                atan
 .text.fabs     0x000000000800ad24        0x6 c:/st/stm32cubeide_1.6.1/stm32cubeide/plugins/com.st.stm32cube.ide.mcu.externaltools.gnu-tools-for-stm32.9-2020-q2-update.win32_1.5.0.202011040924/tools/bin/../lib/gcc/arm-none-eabi/9.3.1/../../../../arm-none-eabi/lib/thumb/v7-m/nofp\libm.a(lib_a-s_fabs.o)
                0x000000000800ad24                fabs
 *fill*         0x000000000800ad2a        0x2 
 .text.nan      0x000000000800ad2c        0xc c:/st/stm32cubeide_1.6.1/stm32cubeide/plugins/com.st.stm32cube.ide.mcu.externaltools.gnu-tools-for-stm32.9-2020-q2-update.win32_1.5.0.202011040924/tools/bin/../lib/gcc/arm-none-eabi/9.3.1/../../../../arm-none-eabi/lib/thumb/v7-m/nofp\libm.a(lib_a-s_nan.o)
                0x000000000800ad2c                nan
 *(.glue_7)
 .glue_7        0x000000000800ad38        0x0 linker stubs
 *(.glue_7t)
 .glue_7t       0x000000000800ad38        0x0 linker stubs
 *(.eh_frame)
 .eh_frame      0x000000000800ad38        0x0 c:/st/stm32cubeide_1.6.1/stm32cubeide/plugins/com.st.stm32cube.ide.mcu.externaltools.gnu-tools-for-stm32.9-2020-q2-update.win32_1.5.0.202011040924/tools/bin/../lib/gcc/arm-none-eabi/9.3.1/thumb/v7-m/nofp/crtbegin.o
 *(.init)
 .init          0x000000000800ad38        0x4 c:/st/stm32cubeide_1.6.1/stm32cubeide/plugins/com.st.stm32cube.ide.mcu.externaltools.gnu-tools-for-stm32.9-2020-q2-update.win32_1.5.0.202011040924/tools/bin/../lib/gcc/arm-none-eabi/9.3.1/thumb/v7-m/nofp/crti.o
                0x000000000800ad38                _init
 .init          0x000000000800ad3c        0x8 c:/st/stm32cubeide_1.6.1/stm32cubeide/plugins/com.st.stm32cube.ide.mcu.externaltools.gnu-tools-for-stm32.9-2020-q2-update.win32_1.5.0.202011040924/tools/bin/../lib/gcc/arm-none-eabi/9.3.1/thumb/v7-m/nofp/crtn.o
 *(.fini)
 .fini          0x000000000800ad44        0x4 c:/st/stm32cubeide_1.6.1/stm32cubeide/plugins/com.st.stm32cube.ide.mcu.externaltools.gnu-tools-for-stm32.9-2020-q2-update.win32_1.5.0.202011040924/tools/bin/../lib/gcc/arm-none-eabi/9.3.1/thumb/v7-m/nofp/crti.o
                0x000000000800ad44                _fini
 .fini          0x000000000800ad48        0x8 c:/st/stm32cubeide_1.6.1/stm32cubeide/plugins/com.st.stm32cube.ide.mcu.externaltools.gnu-tools-for-stm32.9-2020-q2-update.win32_1.5.0.202011040924/tools/bin/../lib/gcc/arm-none-eabi/9.3.1/thumb/v7-m/nofp/crtn.o
                0x000000000800ad50                . = ALIGN (0x4)
                0x000000000800ad50                _etext = .

.vfp11_veneer   0x000000000800ad50        0x0
 .vfp11_veneer  0x000000000800ad50        0x0 linker stubs

.v4_bx          0x000000000800ad50        0x0
 .v4_bx         0x000000000800ad50        0x0 linker stubs

.iplt           0x000000000800ad50        0x0
 .iplt          0x000000000800ad50        0x0 c:/st/stm32cubeide_1.6.1/stm32cubeide/plugins/com.st.stm32cube.ide.mcu.externaltools.gnu-tools-for-stm32.9-2020-q2-update.win32_1.5.0.202011040924/tools/bin/../lib/gcc/arm-none-eabi/9.3.1/thumb/v7-m/nofp/crtbegin.o

.rodata         0x000000000800ad50      0xe18
                0x000000000800ad50                . = ALIGN (0x4)
 *(.rodata)
 .rodata        0x000000000800ad50       0x30 Core/Src/APP/APP.o
 .rodata        0x000000000800ad80        0x3 Core/Src/Debug/Debug.o
 *fill*         0x000000000800ad83        0x1 
 .rodata        0x000000000800ad84       0x20 Core/Src/Debug/PIDAdjust.o
 .rodata        0x000000000800ada4       0x4b Core/Src/mpu6050/eMPL/inv_mpu_dmp_motion_driver.o
 *(.rodata*)
 *fill*         0x000000000800adef        0x1 
 .rodata.OFFSET_TAB_CCMRx
                0x000000000800adf0        0x7 Core/Src/main.o
 *fill*         0x000000000800adf7        0x1 
 .rodata.SHIFT_TAB_OCxx
                0x000000000800adf8        0x7 Core/Src/main.o
 *fill*         0x000000000800adff        0x1 
 .rodata.AHBPrescTable
                0x000000000800ae00       0x10 Core/Src/system_stm32f1xx.o
                0x000000000800ae00                AHBPrescTable
 .rodata.APBPrescTable
                0x000000000800ae10        0x8 Core/Src/system_stm32f1xx.o
                0x000000000800ae10                APBPrescTable
 .rodata.reg    0x000000000800ae18       0x1b Core/Src/mpu6050/eMPL/inv_mpu.o
                0x000000000800ae18                reg
 *fill*         0x000000000800ae33        0x1 
 .rodata.hw     0x000000000800ae34        0xc Core/Src/mpu6050/eMPL/inv_mpu.o
                0x000000000800ae34                hw
 .rodata.test   0x000000000800ae40       0x28 Core/Src/mpu6050/eMPL/inv_mpu.o
                0x000000000800ae40                test
 .rodata.dmp_memory
                0x000000000800ae68      0xbf6 Core/Src/mpu6050/eMPL/inv_mpu_dmp_motion_driver.o
 *fill*         0x000000000800ba5e        0x2 
 .rodata._global_impure_ptr
                0x000000000800ba60        0x4 c:/st/stm32cubeide_1.6.1/stm32cubeide/plugins/com.st.stm32cube.ide.mcu.externaltools.gnu-tools-for-stm32.9-2020-q2-update.win32_1.5.0.202011040924/tools/bin/../lib/gcc/arm-none-eabi/9.3.1/../../../../arm-none-eabi/lib/thumb/v7-m/nofp\libc_nano.a(lib_a-impure.o)
                0x000000000800ba60                _global_impure_ptr
 .rodata.__sf_fake_stderr
                0x000000000800ba64       0x20 c:/st/stm32cubeide_1.6.1/stm32cubeide/plugins/com.st.stm32cube.ide.mcu.externaltools.gnu-tools-for-stm32.9-2020-q2-update.win32_1.5.0.202011040924/tools/bin/../lib/gcc/arm-none-eabi/9.3.1/../../../../arm-none-eabi/lib/thumb/v7-m/nofp\libc_nano.a(lib_a-findfp.o)
                0x000000000800ba64                __sf_fake_stderr
 .rodata.__sf_fake_stdin
                0x000000000800ba84       0x20 c:/st/stm32cubeide_1.6.1/stm32cubeide/plugins/com.st.stm32cube.ide.mcu.externaltools.gnu-tools-for-stm32.9-2020-q2-update.win32_1.5.0.202011040924/tools/bin/../lib/gcc/arm-none-eabi/9.3.1/../../../../arm-none-eabi/lib/thumb/v7-m/nofp\libc_nano.a(lib_a-findfp.o)
                0x000000000800ba84                __sf_fake_stdin
 .rodata.__sf_fake_stdout
                0x000000000800baa4       0x20 c:/st/stm32cubeide_1.6.1/stm32cubeide/plugins/com.st.stm32cube.ide.mcu.externaltools.gnu-tools-for-stm32.9-2020-q2-update.win32_1.5.0.202011040924/tools/bin/../lib/gcc/arm-none-eabi/9.3.1/../../../../arm-none-eabi/lib/thumb/v7-m/nofp\libc_nano.a(lib_a-findfp.o)
                0x000000000800baa4                __sf_fake_stdout
 .rodata._vfprintf_r.str1.1
                0x000000000800bac4       0x11 c:/st/stm32cubeide_1.6.1/stm32cubeide/plugins/com.st.stm32cube.ide.mcu.externaltools.gnu-tools-for-stm32.9-2020-q2-update.win32_1.5.0.202011040924/tools/bin/../lib/gcc/arm-none-eabi/9.3.1/../../../../arm-none-eabi/lib/thumb/v7-m/nofp\libc_nano.a(lib_a-nano-vfprintf.o)
 .rodata._printf_i.str1.1
                0x000000000800bad5       0x22 c:/st/stm32cubeide_1.6.1/stm32cubeide/plugins/com.st.stm32cube.ide.mcu.externaltools.gnu-tools-for-stm32.9-2020-q2-update.win32_1.5.0.202011040924/tools/bin/../lib/gcc/arm-none-eabi/9.3.1/../../../../arm-none-eabi/lib/thumb/v7-m/nofp\libc_nano.a(lib_a-nano-vfprintf_i.o)
 .rodata.asin.str1.1
                0x000000000800baf7       0x22 c:/st/stm32cubeide_1.6.1/stm32cubeide/plugins/com.st.stm32cube.ide.mcu.externaltools.gnu-tools-for-stm32.9-2020-q2-update.win32_1.5.0.202011040924/tools/bin/../lib/gcc/arm-none-eabi/9.3.1/../../../../arm-none-eabi/lib/thumb/v7-m/nofp\libm.a(lib_a-w_asin.o)
                                          0x1 (size before relaxing)
 *fill*         0x000000000800baf7        0x1 
 .rodata.CSWTCH.8
                0x000000000800baf8       0x18 c:/st/stm32cubeide_1.6.1/stm32cubeide/plugins/com.st.stm32cube.ide.mcu.externaltools.gnu-tools-for-stm32.9-2020-q2-update.win32_1.5.0.202011040924/tools/bin/../lib/gcc/arm-none-eabi/9.3.1/../../../../arm-none-eabi/lib/thumb/v7-m/nofp\libm.a(lib_a-e_atan2.o)
 .rodata.CSWTCH.9
                0x000000000800bb10       0x18 c:/st/stm32cubeide_1.6.1/stm32cubeide/plugins/com.st.stm32cube.ide.mcu.externaltools.gnu-tools-for-stm32.9-2020-q2-update.win32_1.5.0.202011040924/tools/bin/../lib/gcc/arm-none-eabi/9.3.1/../../../../arm-none-eabi/lib/thumb/v7-m/nofp\libm.a(lib_a-e_atan2.o)
 .rodata.atanhi
                0x000000000800bb28       0x20 c:/st/stm32cubeide_1.6.1/stm32cubeide/plugins/com.st.stm32cube.ide.mcu.externaltools.gnu-tools-for-stm32.9-2020-q2-update.win32_1.5.0.202011040924/tools/bin/../lib/gcc/arm-none-eabi/9.3.1/../../../../arm-none-eabi/lib/thumb/v7-m/nofp\libm.a(lib_a-s_atan.o)
 .rodata.atanlo
                0x000000000800bb48       0x20 c:/st/stm32cubeide_1.6.1/stm32cubeide/plugins/com.st.stm32cube.ide.mcu.externaltools.gnu-tools-for-stm32.9-2020-q2-update.win32_1.5.0.202011040924/tools/bin/../lib/gcc/arm-none-eabi/9.3.1/../../../../arm-none-eabi/lib/thumb/v7-m/nofp\libm.a(lib_a-s_atan.o)
                0x000000000800bb68                . = ALIGN (0x4)

.ARM.extab      0x000000000800bb68        0x0
                0x000000000800bb68                . = ALIGN (0x4)
 *(.ARM.extab* .gnu.linkonce.armextab.*)
                0x000000000800bb68                . = ALIGN (0x4)

.ARM            0x000000000800bb68        0x8
                0x000000000800bb68                . = ALIGN (0x4)
                0x000000000800bb68                __exidx_start = .
 *(.ARM.exidx*)
 .ARM.exidx     0x000000000800bb68        0x8 c:/st/stm32cubeide_1.6.1/stm32cubeide/plugins/com.st.stm32cube.ide.mcu.externaltools.gnu-tools-for-stm32.9-2020-q2-update.win32_1.5.0.202011040924/tools/bin/../lib/gcc/arm-none-eabi/9.3.1/thumb/v7-m/nofp\libgcc.a(_udivmoddi4.o)
                0x000000000800bb70                __exidx_end = .
                0x000000000800bb70                . = ALIGN (0x4)

.rel.dyn        0x000000000800bb70        0x0
 .rel.iplt      0x000000000800bb70        0x0 c:/st/stm32cubeide_1.6.1/stm32cubeide/plugins/com.st.stm32cube.ide.mcu.externaltools.gnu-tools-for-stm32.9-2020-q2-update.win32_1.5.0.202011040924/tools/bin/../lib/gcc/arm-none-eabi/9.3.1/thumb/v7-m/nofp/crtbegin.o

.preinit_array  0x000000000800bb70        0x0
                0x000000000800bb70                . = ALIGN (0x4)
                0x000000000800bb70                PROVIDE (__preinit_array_start = .)
 *(.preinit_array*)
                0x000000000800bb70                PROVIDE (__preinit_array_end = .)
                0x000000000800bb70                . = ALIGN (0x4)

.init_array     0x000000000800bb70        0x4
                0x000000000800bb70                . = ALIGN (0x4)
                0x000000000800bb70                PROVIDE (__init_array_start = .)
 *(SORT_BY_NAME(.init_array.*))
 *(.init_array*)
 .init_array    0x000000000800bb70        0x4 c:/st/stm32cubeide_1.6.1/stm32cubeide/plugins/com.st.stm32cube.ide.mcu.externaltools.gnu-tools-for-stm32.9-2020-q2-update.win32_1.5.0.202011040924/tools/bin/../lib/gcc/arm-none-eabi/9.3.1/thumb/v7-m/nofp/crtbegin.o
                0x000000000800bb74                PROVIDE (__init_array_end = .)
                0x000000000800bb74                . = ALIGN (0x4)

.fini_array     0x000000000800bb74        0x4
                0x000000000800bb74                . = ALIGN (0x4)
                [!provide]                        PROVIDE (__fini_array_start = .)
 *(SORT_BY_NAME(.fini_array.*))
 *(.fini_array*)
 .fini_array    0x000000000800bb74        0x4 c:/st/stm32cubeide_1.6.1/stm32cubeide/plugins/com.st.stm32cube.ide.mcu.externaltools.gnu-tools-for-stm32.9-2020-q2-update.win32_1.5.0.202011040924/tools/bin/../lib/gcc/arm-none-eabi/9.3.1/thumb/v7-m/nofp/crtbegin.o
                [!provide]                        PROVIDE (__fini_array_end = .)
                0x000000000800bb78                . = ALIGN (0x4)
                0x000000000800bb78                _sidata = LOADADDR (.data)

.data           0x0000000020000000       0xbc load address 0x000000000800bb78
                0x0000000020000000                . = ALIGN (0x4)
                0x0000000020000000                _sdata = .
 *(.data)
 *(.data*)
 .data.port     0x0000000020000000        0x4 Core/Src/JustFloat/JustFloat.o
 .data.filter.7440
                0x0000000020000004        0x8 Core/Src/PID/PID.o
 .data.target   0x000000002000000c        0x4 Core/Src/SerialPrintf/SerialPrintf.o
 .data.SystemCoreClock
                0x0000000020000010        0x4 Core/Src/system_stm32f1xx.o
                0x0000000020000010                SystemCoreClock
 .data.st       0x0000000020000014       0x2c Core/Src/mpu6050/eMPL/inv_mpu.o
 .data.gyro_orientation
                0x0000000020000040        0x9 Core/Src/mpu6050/eMPL/inv_mpu.o
 *fill*         0x0000000020000049        0x3 
 .data.uwTickPrio
                0x000000002000004c        0x4 Drivers/STM32F1xx_HAL_Driver/Src/stm32f1xx_hal.o
                0x000000002000004c                uwTickPrio
 .data.uwTickFreq
                0x0000000020000050        0x1 Drivers/STM32F1xx_HAL_Driver/Src/stm32f1xx_hal.o
                0x0000000020000050                uwTickFreq
 *fill*         0x0000000020000051        0x3 
 .data._impure_ptr
                0x0000000020000054        0x4 c:/st/stm32cubeide_1.6.1/stm32cubeide/plugins/com.st.stm32cube.ide.mcu.externaltools.gnu-tools-for-stm32.9-2020-q2-update.win32_1.5.0.202011040924/tools/bin/../lib/gcc/arm-none-eabi/9.3.1/../../../../arm-none-eabi/lib/thumb/v7-m/nofp\libc_nano.a(lib_a-impure.o)
                0x0000000020000054                _impure_ptr
 .data.impure_data
                0x0000000020000058       0x60 c:/st/stm32cubeide_1.6.1/stm32cubeide/plugins/com.st.stm32cube.ide.mcu.externaltools.gnu-tools-for-stm32.9-2020-q2-update.win32_1.5.0.202011040924/tools/bin/../lib/gcc/arm-none-eabi/9.3.1/../../../../arm-none-eabi/lib/thumb/v7-m/nofp\libc_nano.a(lib_a-impure.o)
 .data.__fdlib_version
                0x00000000200000b8        0x1 c:/st/stm32cubeide_1.6.1/stm32cubeide/plugins/com.st.stm32cube.ide.mcu.externaltools.gnu-tools-for-stm32.9-2020-q2-update.win32_1.5.0.202011040924/tools/bin/../lib/gcc/arm-none-eabi/9.3.1/../../../../arm-none-eabi/lib/thumb/v7-m/nofp\libm.a(lib_a-s_lib_ver.o)
                0x00000000200000b8                __fdlib_version
 *(.RamFunc)
 *(.RamFunc*)
                0x00000000200000bc                . = ALIGN (0x4)
 *fill*         0x00000000200000b9        0x3 
                0x00000000200000bc                _edata = .

.igot.plt       0x00000000200000bc        0x0 load address 0x000000000800bc34
 .igot.plt      0x00000000200000bc        0x0 c:/st/stm32cubeide_1.6.1/stm32cubeide/plugins/com.st.stm32cube.ide.mcu.externaltools.gnu-tools-for-stm32.9-2020-q2-update.win32_1.5.0.202011040924/tools/bin/../lib/gcc/arm-none-eabi/9.3.1/thumb/v7-m/nofp/crtbegin.o
                0x00000000200000bc                . = ALIGN (0x4)

.bss            0x00000000200000bc      0x23c load address 0x000000000800bc34
                0x00000000200000bc                _sbss = .
                0x00000000200000bc                __bss_start__ = _sbss
 *(.bss)
 .bss           0x00000000200000bc       0x1c c:/st/stm32cubeide_1.6.1/stm32cubeide/plugins/com.st.stm32cube.ide.mcu.externaltools.gnu-tools-for-stm32.9-2020-q2-update.win32_1.5.0.202011040924/tools/bin/../lib/gcc/arm-none-eabi/9.3.1/thumb/v7-m/nofp/crtbegin.o
 *(.bss*)
 .bss._milliseconds
                0x00000000200000d8        0x4 Core/Src/Clock/Clock.o
 .bss.microsecondProportion
                0x00000000200000dc        0x4 Core/Src/Clock/Clock.o
 .bss.bufferIndex.4625
                0x00000000200000e0        0x1 Core/Src/Debug/Debug.o
 *fill*         0x00000000200000e1        0x3 
 .bss.buffer.4623
                0x00000000200000e4       0x20 Core/Src/Debug/Debug.o
 .bss.len.4624  0x0000000020000104        0x1 Core/Src/Debug/Debug.o
 .bss.flag      0x0000000020000105        0x1 Core/Src/PID/PID.o
 *fill*         0x0000000020000106        0x2 
 .bss.pitch     0x0000000020000108        0x4 Core/Src/PID/PID.o
                0x0000000020000108                pitch
 .bss.roll      0x000000002000010c        0x4 Core/Src/PID/PID.o
                0x000000002000010c                roll
 .bss.yaw       0x0000000020000110        0x4 Core/Src/PID/PID.o
                0x0000000020000110                yaw
 .bss.gx        0x0000000020000114        0x2 Core/Src/PID/PID.o
                0x0000000020000114                gx
 .bss.gy        0x0000000020000116        0x2 Core/Src/PID/PID.o
                0x0000000020000116                gy
 .bss.gz        0x0000000020000118        0x2 Core/Src/PID/PID.o
                0x0000000020000118                gz
 *fill*         0x000000002000011a        0x2 
 .bss.fianl_speed
                0x000000002000011c        0x4 Core/Src/PID/PID.o
                0x000000002000011c                fianl_speed
 .bss.speed_out
                0x0000000020000120        0x2 Core/Src/PID/PID.o
                0x0000000020000120                speed_out
 .bss.straught_out
                0x0000000020000122        0x2 Core/Src/PID/PID.o
                0x0000000020000122                straught_out
 .bss.speed     0x0000000020000124        0x4 Core/Src/encoder/encoder.o
                0x0000000020000124                speed
 .bss.__sbrk_heap_end
                0x0000000020000128        0x4 Core/Src/sysmem.o
 .bss.i2cport   0x000000002000012c        0x4 Core/Src/mpu6050/eMPL/inv_mpu.o
 .bss.dmp       0x0000000020000130       0x10 Core/Src/mpu6050/eMPL/inv_mpu_dmp_motion_driver.o
 .bss.__malloc_free_list
                0x0000000020000140        0x4 c:/st/stm32cubeide_1.6.1/stm32cubeide/plugins/com.st.stm32cube.ide.mcu.externaltools.gnu-tools-for-stm32.9-2020-q2-update.win32_1.5.0.202011040924/tools/bin/../lib/gcc/arm-none-eabi/9.3.1/../../../../arm-none-eabi/lib/thumb/v7-m/nofp\libc_nano.a(lib_a-nano-mallocr.o)
                0x0000000020000140                __malloc_free_list
 .bss.__malloc_sbrk_start
                0x0000000020000144        0x4 c:/st/stm32cubeide_1.6.1/stm32cubeide/plugins/com.st.stm32cube.ide.mcu.externaltools.gnu-tools-for-stm32.9-2020-q2-update.win32_1.5.0.202011040924/tools/bin/../lib/gcc/arm-none-eabi/9.3.1/../../../../arm-none-eabi/lib/thumb/v7-m/nofp\libc_nano.a(lib_a-nano-mallocr.o)
                0x0000000020000144                __malloc_sbrk_start
 *(COMMON)
 COMMON         0x0000000020000148       0x68 Core/Src/PID/PID.o
                0x0000000020000148                Straight_PID
                0x000000002000017c                Speed_PID
 COMMON         0x00000000200001b0       0x30 Core/Src/TB6612/TB6612.o
                0x00000000200001b0                TB6612_IO
 COMMON         0x00000000200001e0       0x20 Core/Src/encoder/encoder.o
                0x00000000200001e0                encoder_t
 COMMON         0x0000000020000200       0xe4 Core/Src/main.o
                0x0000000020000200                hi2c1
                0x0000000020000254                htim3
                0x000000002000029c                htim2
 COMMON         0x00000000200002e4        0x4 Drivers/STM32F1xx_HAL_Driver/Src/stm32f1xx_hal.o
                0x00000000200002e4                uwTick
 COMMON         0x00000000200002e8        0x9 c:/st/stm32cubeide_1.6.1/stm32cubeide/plugins/com.st.stm32cube.ide.mcu.externaltools.gnu-tools-for-stm32.9-2020-q2-update.win32_1.5.0.202011040924/tools/bin/../lib/gcc/arm-none-eabi/9.3.1/../../../../arm-none-eabi/lib/thumb/v7-m/nofp\libc_nano.a(lib_a-lock.o)
                0x00000000200002e8                __lock___atexit_recursive_mutex
                0x00000000200002e9                __lock___arc4random_mutex
                0x00000000200002ea                __lock___env_recursive_mutex
                0x00000000200002eb                __lock___sinit_recursive_mutex
                0x00000000200002ec                __lock___malloc_recursive_mutex
                0x00000000200002ed                __lock___at_quick_exit_mutex
                0x00000000200002ee                __lock___dd_hash_mutex
                0x00000000200002ef                __lock___tz_mutex
                0x00000000200002f0                __lock___sfp_recursive_mutex
 *fill*         0x00000000200002f1        0x3 
 COMMON         0x00000000200002f4        0x4 c:/st/stm32cubeide_1.6.1/stm32cubeide/plugins/com.st.stm32cube.ide.mcu.externaltools.gnu-tools-for-stm32.9-2020-q2-update.win32_1.5.0.202011040924/tools/bin/../lib/gcc/arm-none-eabi/9.3.1/../../../../arm-none-eabi/lib/thumb/v7-m/nofp\libc_nano.a(lib_a-reent.o)
                0x00000000200002f4                errno
                0x00000000200002f8                . = ALIGN (0x4)
                0x00000000200002f8                _ebss = .
                0x00000000200002f8                __bss_end__ = _ebss

._user_heap_stack
                0x00000000200002f8      0x600 load address 0x000000000800bc34
                0x00000000200002f8                . = ALIGN (0x8)
                [!provide]                        PROVIDE (end = .)
                0x00000000200002f8                PROVIDE (_end = .)
                0x00000000200004f8                . = (. + _Min_Heap_Size)
 *fill*         0x00000000200002f8      0x200 
                0x00000000200008f8                . = (. + _Min_Stack_Size)
 *fill*         0x00000000200004f8      0x400 
                0x00000000200008f8                . = ALIGN (0x8)

/DISCARD/
 libc.a(*)
 libm.a(*)
 libgcc.a(*)

.ARM.attributes
                0x0000000000000000       0x29
 *(.ARM.attributes)
 .ARM.attributes
                0x0000000000000000       0x1d c:/st/stm32cubeide_1.6.1/stm32cubeide/plugins/com.st.stm32cube.ide.mcu.externaltools.gnu-tools-for-stm32.9-2020-q2-update.win32_1.5.0.202011040924/tools/bin/../lib/gcc/arm-none-eabi/9.3.1/thumb/v7-m/nofp/crti.o
 .ARM.attributes