inv_mpu.c:696:5:set_int_enable	24	static
inv_mpu.c:728:5:mpu_reg_dump	16	static
inv_mpu.c:750:5:mpu_read_reg	16	static
inv_mpu.c:772:5:mpu_init	16	static
inv_mpu.c:903:5:mpu_lp_accel_mode	24	static
inv_mpu.c:987:5:mpu_get_gyro_reg	24	static
inv_mpu.c:1010:5:mpu_get_accel_reg	24	static
inv_mpu.c:1033:5:mpu_get_temperature	32	static
inv_mpu.c:1058:5:mpu_set_accel_bias	48	static
inv_mpu.c:1107:5:mpu_reset_fifo	16	static
inv_mpu.c:1169:5:mpu_get_gyro_fsr	16	static
inv_mpu.c:1196:5:mpu_set_gyro_fsr	24	static
inv_mpu.c:1233:5:mpu_get_accel_fsr	16	static
inv_mpu.c:1261:5:mpu_set_accel_fsr	24	static
inv_mpu.c:1298:5:mpu_get_lpf	16	static
inv_mpu.c:1334:5:mpu_set_lpf	24	static
inv_mpu.c:1367:5:mpu_get_sample_rate	16	static
inv_mpu.c:1382:5:mpu_set_sample_rate	24	static
inv_mpu.c:1429:5:mpu_get_compass_sample_rate	16	static
inv_mpu.c:1451:5:mpu_set_compass_sample_rate	16	static
inv_mpu.c:1473:5:mpu_get_gyro_sens	16	static
inv_mpu.c:1499:5:mpu_get_accel_sens	16	static
inv_mpu.c:1531:5:mpu_get_fifo_config	16	static
inv_mpu.c:1546:5:mpu_configure_fifo	24	static
inv_mpu.c:1588:5:mpu_get_power_state	16	static
inv_mpu.c:1607:5:mpu_set_sensors	24	static
inv_mpu.c:1684:5:mpu_get_int_status	24	static
inv_mpu.c:1713:5:mpu_read_fifo	48	static
inv_mpu.c:1794:5:mpu_read_fifo_stream	32	static
inv_mpu.c:1832:5:mpu_set_bypass	24	static
inv_mpu.c:1882:5:mpu_set_int_level	16	static
inv_mpu.c:1894:5:mpu_set_int_latched	24	static
inv_mpu.c:1915:12:get_accel_prod_shift	40	static
inv_mpu.c:1940:12:accel_self_test	48	static
inv_mpu.c:1960:12:gyro_self_test	40	static
inv_mpu.c:2044:12:get_st_biases	112	static
inv_mpu.c:2184:5:mpu_run_self_test	64	static
inv_mpu.c:2286:5:mpu_write_mem	24	static
inv_mpu.c:2319:5:mpu_read_mem	24	static
inv_mpu.c:2351:5:mpu_load_firmware	48	static
inv_mpu.c:2392:5:mpu_set_dmp_state	24	static
inv_mpu.c:2431:5:mpu_get_dmp_state	16	static
inv_mpu.c:2439:5:setup_compass	4	static
inv_mpu.c:2550:5:mpu_get_compass_reg	16	static
inv_mpu.c:2603:5:mpu_get_compass_fsr	16	static
inv_mpu.c:2657:5:mpu_lp_motion_interrupt	32	static
inv_mpu.c:2865:16:inv_row_2_scale	24	static
inv_mpu.c:2886:16:inv_orientation_matrix_to_scalar	24	static
inv_mpu.c:2911:20:mpuWriteLen	40	static
inv_mpu.c:2926:20:mpuReadLen	40	static
inv_mpu.c:2949:9:run_self_test	48	static
inv_mpu.c:2977:13:MPU_DMP_Init	16	static
inv_mpu.c:3006:13:MPU_DMP_GetEularAngle	104	static
inv_mpu.c:3038:13:MPU_GetGyroscope	32	static
inv_mpu.c:3054:13:MPU_GetAccelerometer	32	static
inv_mpu.c:3071:13:MPU_GetTemperature	24	static
