stm32f1xx_ll_exti.h:775:26:LL_EXTI_IsActiveFlag_0_31	16	static
stm32f1xx_ll_exti.h:843:22:LL_EXTI_ClearFlag_0_31	16	static
stm32f1xx_ll_usart.h:1839:26:LL_USART_IsActiveFlag_RXNE	16	static
stm32f1xx_ll_usart.h:2026:22:LL_USART_ClearFlag_RXNE	16	static
stm32f1xx_ll_usart.h:2450:25:LL_USART_ReceiveData8	16	static
stm32f1xx_it.c:73:6:NMI_Handler	4	static
stm32f1xx_it.c:88:6:HardFault_Handler	4	static
stm32f1xx_it.c:103:6:MemManage_Handler	4	static
stm32f1xx_it.c:118:6:BusFault_Handler	4	static
stm32f1xx_it.c:133:6:UsageFault_Handler	4	static
stm32f1xx_it.c:148:6:SVC_Handler	4	static
stm32f1xx_it.c:161:6:DebugMon_Handler	4	static
stm32f1xx_it.c:174:6:PendSV_Handler	4	static
stm32f1xx_it.c:187:6:SysTick_Handler	8	static
stm32f1xx_it.c:206:6:EXTI9_5_IRQHandler	8	static
stm32f1xx_it.c:229:6:USART1_IRQHandler	16	static
